Component: ARM Compiler 5.06 update 7 (build 960) Tool: armlink [4d3601]

==============================================================================

Section Cross References

    startup_stm32f407xx.o(STACK) refers (Special) to heapauxi.o(.text) for __use_two_region_memory
    startup_stm32f407xx.o(HEAP) refers (Special) to heapauxi.o(.text) for __use_two_region_memory
    startup_stm32f407xx.o(RESET) refers (Special) to heapauxi.o(.text) for __use_two_region_memory
    startup_stm32f407xx.o(RESET) refers to startup_stm32f407xx.o(STACK) for __initial_sp
    startup_stm32f407xx.o(RESET) refers to startup_stm32f407xx.o(.text) for Reset_Handler
    startup_stm32f407xx.o(RESET) refers to stm32f4xx_it.o(i.NMI_Handler) for NMI_Handler
    startup_stm32f407xx.o(RESET) refers to stm32f4xx_it.o(i.HardFault_Handler) for HardFault_Handler
    startup_stm32f407xx.o(RESET) refers to stm32f4xx_it.o(i.MemManage_Handler) for MemManage_Handler
    startup_stm32f407xx.o(RESET) refers to stm32f4xx_it.o(i.BusFault_Handler) for BusFault_Handler
    startup_stm32f407xx.o(RESET) refers to stm32f4xx_it.o(i.UsageFault_Handler) for UsageFault_Handler
    startup_stm32f407xx.o(RESET) refers to stm32f4xx_it.o(i.SVC_Handler) for SVC_Handler
    startup_stm32f407xx.o(RESET) refers to stm32f4xx_it.o(i.DebugMon_Handler) for DebugMon_Handler
    startup_stm32f407xx.o(RESET) refers to stm32f4xx_it.o(i.PendSV_Handler) for PendSV_Handler
    startup_stm32f407xx.o(RESET) refers to stm32f4xx_it.o(i.SysTick_Handler) for SysTick_Handler
    startup_stm32f407xx.o(RESET) refers to stm32f4xx_it.o(i.DMA1_Stream2_IRQHandler) for DMA1_Stream2_IRQHandler
    startup_stm32f407xx.o(RESET) refers to stm32f4xx_it.o(i.DMA1_Stream5_IRQHandler) for DMA1_Stream5_IRQHandler
    startup_stm32f407xx.o(RESET) refers to stm32f4xx_it.o(i.USART1_IRQHandler) for USART1_IRQHandler
    startup_stm32f407xx.o(RESET) refers to stm32f4xx_it.o(i.USART2_IRQHandler) for USART2_IRQHandler
    startup_stm32f407xx.o(RESET) refers to stm32f4xx_it.o(i.USART3_IRQHandler) for USART3_IRQHandler
    startup_stm32f407xx.o(RESET) refers to stm32f4xx_it.o(i.UART4_IRQHandler) for UART4_IRQHandler
    startup_stm32f407xx.o(RESET) refers to stm32f4xx_it.o(i.DMA2_Stream1_IRQHandler) for DMA2_Stream1_IRQHandler
    startup_stm32f407xx.o(RESET) refers to stm32f4xx_it.o(i.USART6_IRQHandler) for USART6_IRQHandler
    startup_stm32f407xx.o(.text) refers (Special) to heapauxi.o(.text) for __use_two_region_memory
    startup_stm32f407xx.o(.text) refers to system_stm32f4xx.o(i.SystemInit) for SystemInit
    startup_stm32f407xx.o(.text) refers to __main.o(!!!main) for __main
    startup_stm32f407xx.o(.text) refers to startup_stm32f407xx.o(HEAP) for Heap_Mem
    startup_stm32f407xx.o(.text) refers to startup_stm32f407xx.o(STACK) for Stack_Mem
    main.o(i.SystemClock_Config) refers to rt_memclr_w.o(.text) for __aeabi_memclr4
    main.o(i.SystemClock_Config) refers to stm32f4xx_hal_rcc.o(i.HAL_RCC_OscConfig) for HAL_RCC_OscConfig
    main.o(i.SystemClock_Config) refers to stm32f4xx_hal_rcc.o(i.HAL_RCC_ClockConfig) for HAL_RCC_ClockConfig
    main.o(i.main) refers to stm32f4xx_hal.o(i.HAL_Init) for HAL_Init
    main.o(i.main) refers to main.o(i.SystemClock_Config) for SystemClock_Config
    main.o(i.main) refers to gpio.o(i.MX_GPIO_Init) for MX_GPIO_Init
    main.o(i.main) refers to dma.o(i.MX_DMA_Init) for MX_DMA_Init
    main.o(i.main) refers to i2c.o(i.MX_I2C1_Init) for MX_I2C1_Init
    main.o(i.main) refers to i2c.o(i.MX_I2C2_Init) for MX_I2C2_Init
    main.o(i.main) refers to tim.o(i.MX_TIM1_Init) for MX_TIM1_Init
    main.o(i.main) refers to tim.o(i.MX_TIM3_Init) for MX_TIM3_Init
    main.o(i.main) refers to tim.o(i.MX_TIM4_Init) for MX_TIM4_Init
    main.o(i.main) refers to usart.o(i.MX_UART5_Init) for MX_UART5_Init
    main.o(i.main) refers to usart.o(i.MX_USART1_UART_Init) for MX_USART1_UART_Init
    main.o(i.main) refers to usart.o(i.MX_USART2_UART_Init) for MX_USART2_UART_Init
    main.o(i.main) refers to usart.o(i.MX_USART3_UART_Init) for MX_USART3_UART_Init
    main.o(i.main) refers to usart.o(i.MX_USART6_UART_Init) for MX_USART6_UART_Init
    main.o(i.main) refers to usart.o(i.MX_UART4_Init) for MX_UART4_Init
    main.o(i.main) refers to schedule.o(i.schedule_init) for schedule_init
    main.o(i.main) refers to mypid.o(i.PID_INIT) for PID_INIT
    main.o(i.main) refers to ringbuffer.o(i.rt_ringbuffer_init) for rt_ringbuffer_init
    main.o(i.main) refers to step_motor_bsp.o(i.Step_Motor_Init) for Step_Motor_Init
    main.o(i.main) refers to emm_v5.o(i.Emm_V5_Reset_CurPos_To_Zero) for Emm_V5_Reset_CurPos_To_Zero
    main.o(i.main) refers to uart_bsp.o(i.save_initial_position) for save_initial_position
    main.o(i.main) refers to schedule.o(i.schedule_run) for schedule_run
    main.o(i.main) refers to uart_bsp.o(.bss) for ringbuffer_pool_y
    main.o(i.main) refers to uart_bsp.o(.bss) for ringbuffer_y
    main.o(i.main) refers to uart_bsp.o(.bss) for ringbuffer_pool_x
[...]
    _printf_mbtowc                            - Undefined Weak Reference
    _printf_wc                                - Undefined Weak Reference
    _rand_init                                - Undefined Weak Reference
    _scanf_longlong                           - Undefined Weak Reference
    _scanf_mbtowc                             - Undefined Weak Reference
    _scanf_real                               - Undefined Weak Reference
    _scanf_string                             - Undefined Weak Reference
    _scanf_wctomb                             - Undefined Weak Reference
    _scanf_wstring                            - Undefined Weak Reference
    _signal_finish                            - Undefined Weak Reference
    _signal_init                              - Undefined Weak Reference
    __Vectors_Size                           0x00000188   Number         0  startup_stm32f407xx.o ABSOLUTE
    __Vectors                                0x08000000   Data           4  startup_stm32f407xx.o(RESET)
    __Vectors_End                            0x08000188   Data           0  startup_stm32f407xx.o(RESET)
    __main                                   0x08000189   Thumb Code     8  __main.o(!!!main)
    __scatterload                            0x08000191   Thumb Code     0  __scatter.o(!!!scatter)
    __scatterload_rt2                        0x08000191   Thumb Code    44  __scatter.o(!!!scatter)
    __scatterload_rt2_thumb_only             0x08000191   Thumb Code     0  __scatter.o(!!!scatter)
    __scatterload_null                       0x0800019f   Thumb Code     0  __scatter.o(!!!scatter)
    __scatterload_copy                       0x080001c5   Thumb Code    26  __scatter_copy.o(!!handler_copy)
    __scatterload_zeroinit                   0x080001e1   Thumb Code    28  __scatter_zi.o(!!handler_zi)
    _printf_n                                0x080001fd   Thumb Code     0  _printf_n.o(.ARM.Collect$$_printf_percent$$00000001)
    _printf_percent                          0x080001fd   Thumb Code     0  _printf_percent.o(.ARM.Collect$$_printf_percent$$00000000)
    _printf_p                                0x08000203   Thumb Code     0  _printf_p.o(.ARM.Collect$$_printf_percent$$00000002)
    _printf_f                                0x08000209   Thumb Code     0  _printf_f.o(.ARM.Collect$$_printf_percent$$00000003)
    _printf_e                                0x0800020f   Thumb Code     0  _printf_e.o(.ARM.Collect$$_printf_percent$$00000004)
    _printf_g                                0x08000215   Thumb Code     0  _printf_g.o(.ARM.Collect$$_printf_percent$$00000005)
    _printf_a                                0x0800021b   Thumb Code     0  _printf_a.o(.ARM.Collect$$_printf_percent$$00000006)
    _printf_ll                               0x08000221   Thumb Code     0  _printf_ll.o(.ARM.Collect$$_printf_percent$$00000007)
    _printf_i                                0x0800022b   Thumb Code     0  _printf_i.o(.ARM.Collect$$_printf_percent$$00000008)
    _printf_d                                0x08000231   Thumb Code     0  _printf_d.o(.ARM.Collect$$_printf_percent$$00000009)
    _printf_u                                0x08000237   Thumb Code     0  _printf_u.o(.ARM.Collect$$_printf_percent$$0000000A)
    _printf_o                                0x0800023d   Thumb Code     0  _printf_o.o(.ARM.Collect$$_printf_percent$$0000000B)
    _printf_x                                0x08000243   Thumb Code     0  _printf_x.o(.ARM.Collect$$_printf_percent$$0000000C)
    _printf_lli                              0x08000249   Thumb Code     0  _printf_lli.o(.ARM.Collect$$_printf_percent$$0000000D)
    _printf_lld                              0x0800024f   Thumb Code     0  _printf_lld.o(.ARM.Collect$$_printf_percent$$0000000E)
    _printf_llu                              0x08000255   Thumb Code     0  _printf_llu.o(.ARM.Collect$$_printf_percent$$0000000F)
    _printf_llo                              0x0800025b   Thumb Code     0  _printf_llo.o(.ARM.Collect$$_printf_percent$$00000010)
    _printf_llx                              0x08000261   Thumb Code     0  _printf_llx.o(.ARM.Collect$$_printf_percent$$00000011)
    _printf_l                                0x08000267   Thumb Code     0  _printf_l.o(.ARM.Collect$$_printf_percent$$00000012)
    _printf_c                                0x08000271   Thumb Code     0  _printf_c.o(.ARM.Collect$$_printf_percent$$00000013)
    _printf_s                                0x08000277   Thumb Code     0  _printf_s.o(.ARM.Collect$$_printf_percent$$00000014)
    _printf_lc                               0x0800027d   Thumb Code     0  _printf_lc.o(.ARM.Collect$$_printf_percent$$00000015)
    _printf_ls                               0x08000283   Thumb Code     0  _printf_ls.o(.ARM.Collect$$_printf_percent$$00000016)
    _printf_percent_end                      0x08000289   Thumb Code     0  _printf_percent_end.o(.ARM.Collect$$_printf_percent$$00000017)
    __rt_lib_init                            0x0800028d   Thumb Code     0  libinit.o(.ARM.Collect$$libinit$$00000000)
    __rt_lib_init_fp_1                       0x0800028f   Thumb Code     0  libinit2.o(.ARM.Collect$$libinit$$00000001)
    __rt_lib_init_heap_1                     0x08000293   Thumb Code     0  libinit2.o(.ARM.Collect$$libinit$$0000000A)
    __rt_lib_init_lc_common                  0x08000293   Thumb Code     0  libinit2.o(.ARM.Collect$$libinit$$0000000F)
    __rt_lib_init_preinit_1                  0x08000293   Thumb Code     0  libinit2.o(.ARM.Collect$$libinit$$00000004)
    __rt_lib_init_rand_1                     0x08000293   Thumb Code     0  libinit2.o(.ARM.Collect$$libinit$$0000000E)
    __rt_lib_init_user_alloc_1               0x08000293   Thumb Code     0  libinit2.o(.ARM.Collect$$libinit$$0000000C)
    __rt_lib_init_lc_collate_1               0x08000299   Thumb Code     0  libinit2.o(.ARM.Collect$$libinit$$00000011)
    __rt_lib_init_lc_ctype_2                 0x08000299   Thumb Code     0  libinit2.o(.ARM.Collect$$libinit$$00000012)
    __rt_lib_init_lc_ctype_1                 0x080002a5   Thumb Code     0  libinit2.o(.ARM.Collect$$libinit$$00000013)
    __rt_lib_init_lc_monetary_1              0x080002a5   Thumb Code     0  libinit2.o(.ARM.Collect$$libinit$$00000015)
    __rt_lib_init_lc_numeric_2               0x080002a5   Thumb Code     0  libinit2.o(.ARM.Collect$$libinit$$00000016)
    __rt_lib_init_alloca_1                   0x080002af   Thumb Code     0  libinit2.o(.ARM.Collect$$libinit$$0000002E)
    __rt_lib_init_argv_1                     0x080002af   Thumb Code     0  libinit2.o(.ARM.Collect$$libinit$$0000002C)
    __rt_lib_init_atexit_1                   0x080002af   Thumb Code     0  libinit2.o(.ARM.Collect$$libinit$$0000001B)
    __rt_lib_init_clock_1                    0x080002af   Thumb Code     0  libinit2.o(.ARM.Collect$$libinit$$00000021)
    __rt_lib_init_cpp_1                      0x080002af   Thumb Code     0  libinit2.o(.ARM.Collect$$libinit$$00000032)
    __rt_lib_init_exceptions_1               0x080002af   Thumb Code     0  libinit2.o(.ARM.Collect$$libinit$$00000030)
    __rt_lib_init_fp_trap_1                  0x080002af   Thumb Code     0  libinit2.o(.ARM.Collect$$libinit$$0000001F)
    __rt_lib_init_getenv_1                   0x080002af   Thumb Code     0  libinit2.o(.ARM.Collect$$libinit$$00000023)
    __rt_lib_init_lc_numeric_1               0x080002af   Thumb Code     0  libinit2.o(.ARM.Collect$$libinit$$00000017)
    __rt_lib_init_lc_time_1                  0x080002af   Thumb Code     0  libinit2.o(.ARM.Collect$$libinit$$00000019)
    __rt_lib_init_return                     0x080002af   Thumb Code     0  libinit2.o(.ARM.Collect$$libinit$$00000033)
    __rt_lib_init_signal_1                   0x080002af   Thumb Code     0  libinit2.o(.ARM.Collect$$libinit$$0000001D)
    __rt_lib_init_stdio_1                    0x080002af   Thumb Code     0  libinit2.o(.ARM.Collect$$libinit$$00000025)
    __rt_lib_shutdown                        0x080002b1   Thumb Code     0  libshutdown.o(.ARM.Collect$$libshutdown$$00000000)
    __rt_lib_shutdown_cpp_1                  0x080002b3   Thumb Code     0  libshutdown2.o(.ARM.Collect$$libshutdown$$00000004)
    __rt_lib_shutdown_fini_1                 0x080002b3   Thumb Code     0  libshutdown2.o(.ARM.Collect$$libshutdown$$00000002)
    __rt_lib_shutdown_fp_trap_1              0x080002b3   Thumb Code     0  libshutdown2.o(.ARM.Collect$$libshutdown$$00000009)
    __rt_lib_shutdown_heap_1                 0x080002b3   Thumb Code     0  libshutdown2.o(.ARM.Collect$$libshutdown$$00000011)
    __rt_lib_shutdown_return                 0x080002b3   Thumb Code     0  libshutdown2.o(.ARM.Collect$$libshutdown$$00000012)
    __rt_lib_shutdown_signal_1               0x080002b3   Thumb Code     0  libshutdown2.o(.ARM.Collect$$libshutdown$$0000000C)
    __rt_lib_shutdown_stdio_1                0x080002b3   Thumb Code     0  libshutdown2.o(.ARM.Collect$$libshutdown$$00000006)
    __rt_lib_shutdown_user_alloc_1           0x080002b3   Thumb Code     0  libshutdown2.o(.ARM.Collect$$libshutdown$$0000000E)
    __rt_entry                               0x080002b5   Thumb Code     0  __rtentry.o(.ARM.Collect$$rtentry$$00000000)
    __rt_entry_presh_1                       0x080002b5   Thumb Code     0  __rtentry2.o(.ARM.Collect$$rtentry$$00000002)
    __rt_entry_sh                            0x080002b5   Thumb Code     0  __rtentry4.o(.ARM.Collect$$rtentry$$00000004)
    __rt_entry_li                            0x080002bb   Thumb Code     0  __rtentry2.o(.ARM.Collect$$rtentry$$0000000A)
    __rt_entry_postsh_1                      0x080002bb   Thumb Code     0  __rtentry2.o(.ARM.Collect$$rtentry$$00000009)
    __rt_entry_main                          0x080002bf   Thumb Code     0  __rtentry2.o(.ARM.Collect$$rtentry$$0000000D)
    __rt_entry_postli_1                      0x080002bf   Thumb Code     0  __rtentry2.o(.ARM.Collect$$rtentry$$0000000C)
    __rt_exit                                0x080002c7   Thumb Code     0  rtexit.o(.ARM.Collect$$rtexit$$00000000)
    __rt_exit_ls                             0x080002c9   Thumb Code     0  rtexit2.o(.ARM.Collect$$rtexit$$00000003)
    __rt_exit_prels_1                        0x080002c9   Thumb Code     0  rtexit2.o(.ARM.Collect$$rtexit$$00000002)
    __rt_exit_exit                           0x080002cd   Thumb Code     0  rtexit2.o(.ARM.Collect$$rtexit$$00000004)
    Reset_Handler                            0x080002d5   Thumb Code     8  startup_stm32f407xx.o(.text)
    ADC_IRQHandler                           0x080002ef   Thumb Code     0  startup_stm32f407xx.o(.text)
    CAN1_RX0_IRQHandler                      0x080002ef   Thumb Code     0  startup_stm32f407xx.o(.text)
    CAN1_RX1_IRQHandler                      0x080002ef   Thumb Code     0  startup_stm32f407xx.o(.text)
    CAN1_SCE_IRQHandler                      0x080002ef   Thumb Code     0  startup_stm32f407xx.o(.text)
    CAN1_TX_IRQHandler                       0x080002ef   Thumb Code     0  startup_stm32f407xx.o(.text)
    CAN2_RX0_IRQHandler                      0x080002ef   Thumb Code     0  startup_stm32f407xx.o(.text)
    CAN2_RX1_IRQHandler                      0x080002ef   Thumb Code     0  startup_stm32f407xx.o(.text)
    CAN2_SCE_IRQHandler                      0x080002ef   Thumb Code     0  startup_stm32f407xx.o(.text)
    CAN2_TX_IRQHandler                       0x080002ef   Thumb Code     0  startup_stm32f407xx.o(.text)
    DCMI_IRQHandler                          0x080002ef   Thumb Code     0  startup_stm32f407xx.o(.text)
    DMA1_Stream0_IRQHandler                  0x080002ef   Thumb Code     0  startup_stm32f407xx.o(.text)
    DMA1_Stream1_IRQHandler                  0x080002ef   Thumb Code     0  startup_stm32f407xx.o(.text)
    DMA1_Stream3_IRQHandler                  0x080002ef   Thumb Code     0  startup_stm32f407xx.o(.text)
    DMA1_Stream4_IRQHandler                  0x080002ef   Thumb Code     0  startup_stm32f407xx.o(.text)
    DMA1_Stream6_IRQHandler                  0x080002ef   Thumb Code     0  startup_stm32f407xx.o(.text)
    DMA1_Stream7_IRQHandler                  0x080002ef   Thumb Code     0  startup_stm32f407xx.o(.text)
    DMA2_Stream0_IRQHandler                  0x080002ef   Thumb Code     0  startup_stm32f407xx.o(.text)
    DMA2_Stream2_IRQHandler                  0x080002ef   Thumb Code     0  startup_stm32f407xx.o(.text)
    DMA2_Stream3_IRQHandler                  0x080002ef   Thumb Code     0  startup_stm32f407xx.o(.text)
    DMA2_Stream4_IRQHandler                  0x080002ef   Thumb Code     0  startup_stm32f407xx.o(.text)
    DMA2_Stream5_IRQHandler                  0x080002ef   Thumb Code     0  startup_stm32f407xx.o(.text)
    DMA2_Stream6_IRQHandler                  0x080002ef   Thumb Code     0  startup_stm32f407xx.o(.text)
    DMA2_Stream7_IRQHandler                  0x080002ef   Thumb Code     0  startup_stm32f407xx.o(.text)
    ETH_IRQHandler                           0x080002ef   Thumb Code     0  startup_stm32f407xx.o(.text)
    ETH_WKUP_IRQHandler                      0x080002ef   Thumb Code     0  startup_stm32f407xx.o(.text)
    EXTI0_IRQHandler                         0x080002ef   Thumb Code     0  startup_stm32f407xx.o(.text)
    EXTI15_10_IRQHandler                     0x080002ef   Thumb Code     0  startup_stm32f407xx.o(.text)
    EXTI1_IRQHandler                         0x080002ef   Thumb Code     0  startup_stm32f407xx.o(.text)
    EXTI2_IRQHandler                         0x080002ef   Thumb Code     0  startup_stm32f407xx.o(.text)
    EXTI3_IRQHandler                         0x080002ef   Thumb Code     0  startup_stm32f407xx.o(.text)
    EXTI4_IRQHandler                         0x080002ef   Thumb Code     0  startup_stm32f407xx.o(.text)
    EXTI9_5_IRQHandler                       0x080002ef   Thumb Code     0  startup_stm32f407xx.o(.text)
    FLASH_IRQHandler                         0x080002ef   Thumb Code     0  startup_stm32f407xx.o(.text)
    FMC_IRQHandler                           0x080002ef   Thumb Code     0  startup_stm32f407xx.o(.text)
    FPU_IRQHandler                           0x080002ef   Thumb Code     0  startup_stm32f407xx.o(.text)
    HASH_RNG_IRQHandler                      0x080002ef   Thumb Code     0  startup_stm32f407xx.o(.text)
    I2C1_ER_IRQHandler                       0x080002ef   Thumb Code     0  startup_stm32f407xx.o(.text)
    I2C1_EV_IRQHandler                       0x080002ef   Thumb Code     0  startup_stm32f407xx.o(.text)
    I2C2_ER_IRQHandler                       0x080002ef   Thumb Code     0  startup_stm32f407xx.o(.text)
    I2C2_EV_IRQHandler                       0x080002ef   Thumb Code     0  startup_stm32f407xx.o(.text)
    I2C3_ER_IRQHandler                       0x080002ef   Thumb Code     0  startup_stm32f407xx.o(.text)
    I2C3_EV_IRQHandler                       0x080002ef   Thumb Code     0  startup_stm32f407xx.o(.text)
    OTG_FS_IRQHandler                        0x080002ef   Thumb Code     0  startup_stm32f407xx.o(.text)
    OTG_FS_WKUP_IRQHandler                   0x080002ef   Thumb Code     0  startup_stm32f407xx.o(.text)
    OTG_HS_EP1_IN_IRQHandler                 0x080002ef   Thumb Code     0  startup_stm32f407xx.o(.text)
    OTG_HS_EP1_OUT_IRQHandler                0x080002ef   Thumb Code     0  startup_stm32f407xx.o(.text)
    OTG_HS_IRQHandler                        0x080002ef   Thumb Code     0  startup_stm32f407xx.o(.text)
    OTG_HS_WKUP_IRQHandler                   0x080002ef   Thumb Code     0  startup_stm32f407xx.o(.text)
    PVD_IRQHandler                           0x080002ef   Thumb Code     0  startup_stm32f407xx.o(.text)
    RCC_IRQHandler                           0x080002ef   Thumb Code     0  startup_stm32f407xx.o(.text)
    RTC_Alarm_IRQHandler                     0x080002ef   Thumb Code     0  startup_stm32f407xx.o(.text)
    RTC_WKUP_IRQHandler                      0x080002ef   Thumb Code     0  startup_stm32f407xx.o(.text)
    SDIO_IRQHandler                          0x080002ef   Thumb Code     0  startup_stm32f407xx.o(.text)
    SPI1_IRQHandler                          0x080002ef   Thumb Code     0  startup_stm32f407xx.o(.text)
    SPI2_IRQHandler                          0x080002ef   Thumb Code     0  startup_stm32f407xx.o(.text)
    SPI3_IRQHandler                          0x080002ef   Thumb Code     0  startup_stm32f407xx.o(.text)
    TAMP_STAMP_IRQHandler                    0x080002ef   Thumb Code     0  startup_stm32f407xx.o(.text)
    TIM1_BRK_TIM9_IRQHandler                 0x080002ef   Thumb Code     0  startup_stm32f407xx.o(.text)
    TIM1_CC_IRQHandler                       0x080002ef   Thumb Code     0  startup_stm32f407xx.o(.text)
    TIM1_TRG_COM_TIM11_IRQHandler            0x080002ef   Thumb Code     0  startup_stm32f407xx.o(.text)
    TIM1_UP_TIM10_IRQHandler                 0x080002ef   Thumb Code     0  startup_stm32f407xx.o(.text)
    TIM2_IRQHandler                          0x080002ef   Thumb Code     0  startup_stm32f407xx.o(.text)
    TIM3_IRQHandler                          0x080002ef   Thumb Code     0  startup_stm32f407xx.o(.text)
    TIM4_IRQHandler                          0x080002ef   Thumb Code     0  startup_stm32f407xx.o(.text)
    TIM5_IRQHandler                          0x080002ef   Thumb Code     0  startup_stm32f407xx.o(.text)
    TIM6_DAC_IRQHandler                      0x080002ef   Thumb Code     0  startup_stm32f407xx.o(.text)
    TIM7_IRQHandler                          0x080002ef   Thumb Code     0  startup_stm32f407xx.o(.text)
    TIM8_BRK_TIM12_IRQHandler                0x080002ef   Thumb Code     0  startup_stm32f407xx.o(.text)
    TIM8_CC_IRQHandler                       0x080002ef   Thumb Code     0  startup_stm32f407xx.o(.text)
    TIM8_TRG_COM_TIM14_IRQHandler            0x080002ef   Thumb Code     0  startup_stm32f407xx.o(.text)
    TIM8_UP_TIM13_IRQHandler                 0x080002ef   Thumb Code     0  startup_stm32f407xx.o(.text)
    UART5_IRQHandler                         0x080002ef   Thumb Code     0  startup_stm32f407xx.o(.text)
    WWDG_IRQHandler                          0x080002ef   Thumb Code     0  startup_stm32f407xx.o(.text)
    __user_initial_stackheap                 0x080002f1   Thumb Code     0  startup_stm32f407xx.o(.text)
    __aeabi_uldivmod                         0x08000315   Thumb Code     0  lludivv7m.o(.text)
    _ll_udiv                                 0x08000315   Thumb Code   238  lludivv7m.o(.text)
    vsnprintf                                0x08000405   Thumb Code    48  vsnprintf.o(.text)
    _printf_str                              0x08000439   Thumb Code    82  _printf_str.o(.text)
    __printf                                 0x0800048d   Thumb Code   388  __printf_flags_ss_wp.o(.text)
    __0sscanf                                0x08000615   Thumb Code    52  __0sscanf.o(.text)
    _scanf_int                               0x08000651   Thumb Code   332  _scanf_int.o(.text)
    abort                                    0x0800079d   Thumb Code    22  abort.o(.text)
    strncmp                                  0x080007b3   Thumb Code   150  strncmp.o(.text)
    __aeabi_memcpy                           0x08000849   Thumb Code     0  rt_memcpy_v6.o(.text)
    __rt_memcpy                              0x08000849   Thumb Code   138  rt_memcpy_v6.o(.text)
    _memcpy_lastbytes                        0x080008af   Thumb Code     0  rt_memcpy_v6.o(.text)
    __aeabi_memclr4                          0x080008d3   Thumb Code     0  rt_memclr_w.o(.text)
    __aeabi_memclr8                          0x080008d3   Thumb Code     0  rt_memclr_w.o(.text)
    __rt_memclr_w                            0x080008d3   Thumb Code    78  rt_memclr_w.o(.text)
    _memset_w                                0x080008d7   Thumb Code     0  rt_memclr_w.o(.text)
    __use_two_region_memory                  0x08000921   Thumb Code     2  heapauxi.o(.text)
    __rt_heap_escrow                         0x08000923   Thumb Code     2  heapauxi.o(.text)
    __rt_heap_expand                         0x08000925   Thumb Code     2  heapauxi.o(.text)
    _sys_exit                                0x08000929   Thumb Code     8  sys_exit.o(.text)
    _printf_pre_padding                      0x08000935   Thumb Code    44  _printf_pad.o(.text)
    _printf_post_padding                     0x08000961   Thumb Code    34  _printf_pad.o(.text)
    _printf_truncate_signed                  0x08000983   Thumb Code    18  _printf_truncate.o(.text)
    _printf_truncate_unsigned                0x08000995   Thumb Code    18  _printf_truncate.o(.text)
    _printf_int_dec                          0x080009a9   Thumb Code   104  _printf_dec.o(.text)
    _printf_charcount                        0x08000a21   Thumb Code    40  _printf_charcount.o(.text)
    _printf_char_common                      0x08000a53   Thumb Code    32  _printf_char_common.o(.text)
    _sputc                                   0x08000a79   Thumb Code    10  _sputc.o(.text)
    _snputc                                  0x08000a83   Thumb Code    16  _snputc.o(.text)
    _printf_cs_common                        0x08000a93   Thumb Code    20  _printf_char.o(.text)
    _printf_char                             0x08000aa7   Thumb Code    16  _printf_char.o(.text)
    _printf_string                           0x08000ab7   Thumb Code     8  _printf_char.o(.text)
    _printf_wctomb                           0x08000ac1   Thumb Code   182  _printf_wctomb.o(.text)
    _printf_longlong_dec                     0x08000b7d   Thumb Code   108  _printf_longlong_dec.o(.text)
    _printf_longlong_oct                     0x08000bf9   Thumb Code    66  _printf_oct_int_ll.o(.text)
    _printf_int_oct                          0x08000c3b   Thumb Code    24  _printf_oct_int_ll.o(.text)
    _printf_ll_oct                           0x08000c53   Thumb Code    12  _printf_oct_int_ll.o(.text)
    _printf_longlong_hex                     0x08000c69   Thumb Code    86  _printf_hex_int_ll_ptr.o(.text)
    _printf_int_hex                          0x08000cbf   Thumb Code    28  _printf_hex_int_ll_ptr.o(.text)
    _printf_ll_hex                           0x08000cdb   Thumb Code    12  _printf_hex_int_ll_ptr.o(.text)
    _printf_hex_ptr                          0x08000ce7   Thumb Code    18  _printf_hex_int_ll_ptr.o(.text)
    _chval                                   0x08000cfd   Thumb Code    28  _chval.o(.text)
    __vfscanf_char                           0x08000d25   Thumb Code    24  scanf_char.o(.text)
    _sgetc                                   0x08000d45   Thumb Code    30  _sgetc.o(.text)
    _sbackspace                              0x08000d63   Thumb Code    34  _sgetc.o(.text)
    __rt_SIGABRT                             0x08000d85   Thumb Code    14  defsig_abrt_outer.o(.text)
    __aeabi_memcpy4                          0x08000d93   Thumb Code     0  rt_memcpy_w.o(.text)
    __aeabi_memcpy8                          0x08000d93   Thumb Code     0  rt_memcpy_w.o(.text)
    __rt_memcpy_w                            0x08000d93   Thumb Code   100  rt_memcpy_w.o(.text)
    _memcpy_lastbytes_aligned                0x08000ddb   Thumb Code     0  rt_memcpy_w.o(.text)
    __I$use$semihosting                      0x08000df7   Thumb Code     0  use_no_semi.o(.text)
    __use_no_semihosting_swi                 0x08000df7   Thumb Code     2  use_no_semi.o(.text)
    __semihosting_library_function           0x08000df9   Thumb Code     0  indicate_semi.o(.text)
    _ll_udiv10                               0x08000df9   Thumb Code   138  lludiv10.o(.text)
    isspace                                  0x08000e83   Thumb Code    18  isspace.o(.text)
    _printf_int_common                       0x08000e95   Thumb Code   178  _printf_intcommon.o(.text)
    __lib_sel_fp_printf                      0x08000f47   Thumb Code     2  _printf_fp_dec.o(.text)
    _printf_fp_dec_real                      0x080010f9   Thumb Code   620  _printf_fp_dec.o(.text)
    _printf_fp_hex_real                      0x08001365   Thumb Code   756  _printf_fp_hex.o(.text)
    _printf_lcs_common                       0x08001661   Thumb Code    20  _printf_wchar.o(.text)
    _printf_wchar                            0x08001675   Thumb Code    16  _printf_wchar.o(.text)
    _printf_wstring                          0x08001685   Thumb Code     8  _printf_wchar.o(.text)
    __vfscanf                                0x0800168d   Thumb Code   880  _scanf.o(.text)
    _wcrtomb                                 0x08001a01   Thumb Code    64  _wcrtomb.o(.text)
    __sig_exit                               0x08001a41   Thumb Code    10  defsig_exit.o(.text)
    __rt_SIGABRT_inner                       0x08001a4d   Thumb Code    14  defsig_abrt_inner.o(.text)
    __user_libspace                          0x08001a7d   Thumb Code     8  libspace.o(.text)
    __user_perproc_libspace                  0x08001a7d   Thumb Code     0  libspace.o(.text)
    __user_perthread_libspace                0x08001a7d   Thumb Code     0  libspace.o(.text)
    __user_setup_stackheap                   0x08001a85   Thumb Code    74  sys_stackheap_outer.o(.text)
    __rt_ctype_table                         0x08001ad1   Thumb Code    16  rt_ctype_table.o(.text)
    __rt_locale                              0x08001ae1   Thumb Code     8  rt_locale_intlibspace.o(.text)
    _printf_fp_infnan                        0x08001ae9   Thumb Code   112  _printf_fp_infnan.o(.text)
    _btod_etento                             0x08001b69   Thumb Code   224  bigflt0.o(.text)
    exit                                     0x08001c4d   Thumb Code    18  exit.o(.text)
    __default_signal_display                 0x08001c5f   Thumb Code    50  defsig_general.o(.text)
    _ttywrch                                 0x08001c91   Thumb Code    14  sys_wrch.o(.text)
    strcmp                                   0x08001ca1   Thumb Code   128  strcmpv7m.o(.text)
    _btod_d2e                                0x08001d21   Thumb Code    62  btod.o(CL$$btod_d2e)
    _d2e_denorm_low                          0x08001d5f   Thumb Code    70  btod.o(CL$$btod_d2e_denorm_low)
    _d2e_norm_op1                            0x08001da5   Thumb Code    96  btod.o(CL$$btod_d2e_norm_op1)
    __btod_div_common                        0x08001e05   Thumb Code   696  btod.o(CL$$btod_div_common)
    _e2e                                     0x0800213d   Thumb Code   220  btod.o(CL$$btod_e2e)
    _btod_ediv                               0x08002219   Thumb Code    42  btod.o(CL$$btod_ediv)
    _btod_emul                               0x08002243   Thumb Code    42  btod.o(CL$$btod_emul)
    __btod_mult_common                       0x0800226d   Thumb Code   580  btod.o(CL$$btod_mult_common)
    BusFault_Handler                         0x080024b1   Thumb Code     2  stm32f4xx_it.o(i.BusFault_Handler)
    DMA1_Stream2_IRQHandler                  0x080024b5   Thumb Code     6  stm32f4xx_it.o(i.DMA1_Stream2_IRQHandler)
    DMA1_Stream5_IRQHandler                  0x080024c1   Thumb Code     6  stm32f4xx_it.o(i.DMA1_Stream5_IRQHandler)
    DMA2_Stream1_IRQHandler                  0x080024cd   Thumb Code     6  stm32f4xx_it.o(i.DMA2_Stream1_IRQHandler)
    DebugMon_Handler                         0x0800257d   Thumb Code     2  stm32f4xx_it.o(i.DebugMon_Handler)
    Emm_V5_En_Control                        0x0800257f   Thumb Code    56  emm_v5.o(i.Emm_V5_En_Control)
    Emm_V5_Parse_Response                    0x080025b7   Thumb Code   492  emm_v5.o(i.Emm_V5_Parse_Response)
    Emm_V5_Read_Sys_Params                   0x080027a3   Thumb Code   142  emm_v5.o(i.Emm_V5_Read_Sys_Params)
    Emm_V5_Reset_CurPos_To_Zero              0x08002831   Thumb Code    48  emm_v5.o(i.Emm_V5_Reset_CurPos_To_Zero)
    Emm_V5_Stop_Now                          0x08002861   Thumb Code    52  emm_v5.o(i.Emm_V5_Stop_Now)
    Emm_V5_Vel_Control                       0x08002895   Thumb Code   122  emm_v5.o(i.Emm_V5_Vel_Control)
    Error_Handler                            0x0800295d   Thumb Code     4  main.o(i.Error_Handler)
    HAL_DMA_Abort                            0x08002961   Thumb Code   146  stm32f4xx_hal_dma.o(i.HAL_DMA_Abort)
    HAL_DMA_Abort_IT                         0x080029f3   Thumb Code    36  stm32f4xx_hal_dma.o(i.HAL_DMA_Abort_IT)
    HAL_DMA_IRQHandler                       0x08002a19   Thumb Code   412  stm32f4xx_hal_dma.o(i.HAL_DMA_IRQHandler)
    HAL_DMA_Init                             0x08002bb9   Thumb Code   206  stm32f4xx_hal_dma.o(i.HAL_DMA_Init)
    HAL_DMA_Start_IT                         0x08002c8d   Thumb Code   110  stm32f4xx_hal_dma.o(i.HAL_DMA_Start_IT)
    HAL_GPIO_Init                            0x08002cfd   Thumb Code   450  stm32f4xx_hal_gpio.o(i.HAL_GPIO_Init)
    HAL_GPIO_WritePin                        0x08002eed   Thumb Code    10  stm32f4xx_hal_gpio.o(i.HAL_GPIO_WritePin)
    HAL_GetTick                              0x08002ef9   Thumb Code     6  stm32f4xx_hal.o(i.HAL_GetTick)
    HAL_I2C_Init                             0x08002f05   Thumb Code   376  stm32f4xx_hal_i2c.o(i.HAL_I2C_Init)
    HAL_I2C_MspInit                          0x0800308d   Thumb Code   154  i2c.o(i.HAL_I2C_MspInit)
    HAL_IncTick                              0x08003139   Thumb Code    12  stm32f4xx_hal.o(i.HAL_IncTick)
    HAL_Init                                 0x08003149   Thumb Code    48  stm32f4xx_hal.o(i.HAL_Init)
    HAL_InitTick                             0x0800317d   Thumb Code    54  stm32f4xx_hal.o(i.HAL_InitTick)
    HAL_MspInit                              0x080031bd   Thumb Code    42  stm32f4xx_hal_msp.o(i.HAL_MspInit)
    HAL_NVIC_EnableIRQ                       0x080031ed   Thumb Code    26  stm32f4xx_hal_cortex.o(i.HAL_NVIC_EnableIRQ)
    HAL_NVIC_SetPriority                     0x08003209   Thumb Code    60  stm32f4xx_hal_cortex.o(i.HAL_NVIC_SetPriority)
    HAL_NVIC_SetPriorityGrouping             0x08003249   Thumb Code    26  stm32f4xx_hal_cortex.o(i.HAL_NVIC_SetPriorityGrouping)
    HAL_RCC_ClockConfig                      0x0800326d   Thumb Code   288  stm32f4xx_hal_rcc.o(i.HAL_RCC_ClockConfig)
    HAL_RCC_GetPCLK1Freq                     0x080033a1   Thumb Code    20  stm32f4xx_hal_rcc.o(i.HAL_RCC_GetPCLK1Freq)
    HAL_RCC_GetPCLK2Freq                     0x080033c1   Thumb Code    20  stm32f4xx_hal_rcc.o(i.HAL_RCC_GetPCLK2Freq)
    HAL_RCC_GetSysClockFreq                  0x080033e1   Thumb Code    88  stm32f4xx_hal_rcc.o(i.HAL_RCC_GetSysClockFreq)
    HAL_RCC_OscConfig                        0x08003445   Thumb Code   856  stm32f4xx_hal_rcc.o(i.HAL_RCC_OscConfig)
    HAL_SYSTICK_Config                       0x080037b1   Thumb Code    40  stm32f4xx_hal_cortex.o(i.HAL_SYSTICK_Config)
    HAL_TIMEx_ConfigBreakDeadTime            0x080037d9   Thumb Code    84  stm32f4xx_hal_tim_ex.o(i.HAL_TIMEx_ConfigBreakDeadTime)
    HAL_TIMEx_MasterConfigSynchronization    0x0800382d   Thumb Code   116  stm32f4xx_hal_tim_ex.o(i.HAL_TIMEx_MasterConfigSynchronization)
    HAL_TIM_Base_Init                        0x080038bd   Thumb Code    90  stm32f4xx_hal_tim.o(i.HAL_TIM_Base_Init)
    HAL_TIM_Base_MspInit                     0x08003919   Thumb Code    30  tim.o(i.HAL_TIM_Base_MspInit)
    HAL_TIM_ConfigClockSource                0x08003941   Thumb Code   220  stm32f4xx_hal_tim.o(i.HAL_TIM_ConfigClockSource)
    HAL_TIM_Encoder_Init                     0x08003a1d   Thumb Code   164  stm32f4xx_hal_tim.o(i.HAL_TIM_Encoder_Init)
    HAL_TIM_Encoder_MspInit                  0x08003ac1   Thumb Code   142  tim.o(i.HAL_TIM_Encoder_MspInit)
    HAL_TIM_MspPostInit                      0x08003b65   Thumb Code    72  tim.o(i.HAL_TIM_MspPostInit)
    HAL_TIM_PWM_ConfigChannel                0x08003bb9   Thumb Code   204  stm32f4xx_hal_tim.o(i.HAL_TIM_PWM_ConfigChannel)
    HAL_TIM_PWM_Init                         0x08003c85   Thumb Code    90  stm32f4xx_hal_tim.o(i.HAL_TIM_PWM_Init)
    HAL_TIM_PWM_MspInit                      0x08003cdf   Thumb Code     2  stm32f4xx_hal_tim.o(i.HAL_TIM_PWM_MspInit)
    HAL_UARTEx_ReceiveToIdle_DMA             0x08003ce1   Thumb Code    74  stm32f4xx_hal_uart.o(i.HAL_UARTEx_ReceiveToIdle_DMA)
    HAL_UARTEx_RxEventCallback               0x08003d2d   Thumb Code    98  usart.o(i.HAL_UARTEx_RxEventCallback)
    HAL_UART_ErrorCallback                   0x08003dad   Thumb Code     2  stm32f4xx_hal_uart.o(i.HAL_UART_ErrorCallback)
    HAL_UART_IRQHandler                      0x08003db1   Thumb Code   636  stm32f4xx_hal_uart.o(i.HAL_UART_IRQHandler)
    HAL_UART_Init                            0x08004031   Thumb Code   100  stm32f4xx_hal_uart.o(i.HAL_UART_Init)
    HAL_UART_MspInit                         0x08004095   Thumb Code   674  usart.o(i.HAL_UART_MspInit)
    HAL_UART_RxCpltCallback                  0x0800436d   Thumb Code     2  stm32f4xx_hal_uart.o(i.HAL_UART_RxCpltCallback)
    HAL_UART_RxHalfCpltCallback              0x0800436f   Thumb Code     2  stm32f4xx_hal_uart.o(i.HAL_UART_RxHalfCpltCallback)
    HAL_UART_Transmit                        0x08004371   Thumb Code   160  stm32f4xx_hal_uart.o(i.HAL_UART_Transmit)
    HAL_UART_TxCpltCallback                  0x08004411   Thumb Code     2  stm32f4xx_hal_uart.o(i.HAL_UART_TxCpltCallback)
    HardFault_Handler                        0x08004413   Thumb Code     2  stm32f4xx_it.o(i.HardFault_Handler)
    MX_DMA_Init                              0x08004415   Thumb Code    88  dma.o(i.MX_DMA_Init)
    MX_GPIO_Init                             0x08004471   Thumb Code   268  gpio.o(i.MX_GPIO_Init)
    MX_I2C1_Init                             0x08004591   Thumb Code    50  i2c.o(i.MX_I2C1_Init)
    MX_I2C2_Init                             0x080045d1   Thumb Code    50  i2c.o(i.MX_I2C2_Init)
    MX_TIM1_Init                             0x08004611   Thumb Code   206  tim.o(i.MX_TIM1_Init)
    MX_TIM3_Init                             0x080046e9   Thumb Code    98  tim.o(i.MX_TIM3_Init)
    MX_TIM4_Init                             0x08004755   Thumb Code    98  tim.o(i.MX_TIM4_Init)
    MX_UART4_Init                            0x080047c1   Thumb Code    66  usart.o(i.MX_UART4_Init)
    MX_UART5_Init                            0x08004811   Thumb Code    48  usart.o(i.MX_UART5_Init)
    MX_USART1_UART_Init                      0x08004849   Thumb Code    48  usart.o(i.MX_USART1_UART_Init)
    MX_USART2_UART_Init                      0x08004881   Thumb Code    64  usart.o(i.MX_USART2_UART_Init)
    MX_USART3_UART_Init                      0x080048d1   Thumb Code    48  usart.o(i.MX_USART3_UART_Init)
    MX_USART6_UART_Init                      0x08004909   Thumb Code    64  usart.o(i.MX_USART6_UART_Init)
    MemManage_Handler                        0x08004959   Thumb Code     2  stm32f4xx_it.o(i.MemManage_Handler)
    NMI_Handler                              0x0800495b   Thumb Code     2  stm32f4xx_it.o(i.NMI_Handler)
    PID_INIT                                 0x0800495d   Thumb Code   182  mypid.o(i.PID_INIT)
    PID_struct_init                          0x08004a2d   Thumb Code    60  mypid.o(i.PID_struct_init)
    PendSV_Handler                           0x08004a71   Thumb Code     2  stm32f4xx_it.o(i.PendSV_Handler)
    SVC_Handler                              0x08004a73   Thumb Code     2  stm32f4xx_it.o(i.SVC_Handler)
    Step_Motor_Init                          0x08004a75   Thumb Code    34  step_motor_bsp.o(i.Step_Motor_Init)
    Step_Motor_Set_Speed_my                  0x08004aa1   Thumb Code   178  step_motor_bsp.o(i.Step_Motor_Set_Speed_my)
    Step_Motor_Stop                          0x08004b65   Thumb Code    26  step_motor_bsp.o(i.Step_Motor_Stop)
    SysTick_Handler                          0x08004b89   Thumb Code     4  stm32f4xx_it.o(i.SysTick_Handler)
    SystemClock_Config                       0x08004b8d   Thumb Code   136  main.o(i.SystemClock_Config)
    SystemInit                               0x08004c1d   Thumb Code    12  system_stm32f4xx.o(i.SystemInit)
    TIM_Base_SetConfig                       0x08004c2d   Thumb Code   164  stm32f4xx_hal_tim.o(i.TIM_Base_SetConfig)
    TIM_ETR_SetConfig                        0x08004cfd   Thumb Code    20  stm32f4xx_hal_tim.o(i.TIM_ETR_SetConfig)
    TIM_OC2_SetConfig                        0x08004d81   Thumb Code    98  stm32f4xx_hal_tim.o(i.TIM_OC2_SetConfig)
    UART4_IRQHandler                         0x08004eed   Thumb Code    32  stm32f4xx_it.o(i.UART4_IRQHandler)
    UART_Start_Receive_DMA                   0x0800524d   Thumb Code   146  stm32f4xx_hal_uart.o(i.UART_Start_Receive_DMA)
    USART1_IRQHandler                        0x08005361   Thumb Code     6  stm32f4xx_it.o(i.USART1_IRQHandler)
    USART2_IRQHandler                        0x0800536d   Thumb Code    32  stm32f4xx_it.o(i.USART2_IRQHandler)
    USART3_IRQHandler                        0x08005399   Thumb Code     6  stm32f4xx_it.o(i.USART3_IRQHandler)
    USART6_IRQHandler                        0x080053a5   Thumb Code    32  stm32f4xx_it.o(i.USART6_IRQHandler)
    UsageFault_Handler                       0x080053d1   Thumb Code     2  stm32f4xx_it.o(i.UsageFault_Handler)
    __ARM_fpclassify                         0x080053d3   Thumb Code    48  fpclassify.o(i.__ARM_fpclassify)
    _is_digit                                0x08005423   Thumb Code    14  __printf_wp.o(i._is_digit)
    abs_limit                                0x08005431   Thumb Code    42  mypid.o(i.abs_limit)
    calc_motor_angle                         0x0800545d   Thumb Code    36  uart_bsp.o(i.calc_motor_angle)
    calc_relative_angle                      0x08005489   Thumb Code    62  uart_bsp.o(i.calc_relative_angle)
    main                                     0x080054d1   Thumb Code   130  main.o(i.main)
    my_printf                                0x08005575   Thumb Code    52  uart_bsp.o(i.my_printf)
    parse_x_motor_data                       0x080055a9   Thumb Code   326  uart_bsp.o(i.parse_x_motor_data)
    parse_y_motor_data                       0x080058bd   Thumb Code   326  uart_bsp.o(i.parse_y_motor_data)
    pi_parse_data                            0x08005bd1   Thumb Code   122  pi_bsp.o(i.pi_parse_data)
    pi_proc                                  0x08005cb5   Thumb Code    84  pi_bsp.o(i.pi_proc)
    pid_calc                                 0x08005d15   Thumb Code   390  mypid.o(i.pid_calc)
    rt_ringbuffer_data_len                   0x08005ed9   Thumb Code    48  ringbuffer.o(i.rt_ringbuffer_data_len)
    rt_ringbuffer_get                        0x08005f09   Thumb Code   116  ringbuffer.o(i.rt_ringbuffer_get)
    rt_ringbuffer_init                       0x08005f7d   Thumb Code    48  ringbuffer.o(i.rt_ringbuffer_init)
    rt_ringbuffer_put                        0x08005fad   Thumb Code   120  ringbuffer.o(i.rt_ringbuffer_put)
    save_initial_position                    0x08006045   Thumb Code    44  uart_bsp.o(i.save_initial_position)
    schedule_init                            0x08006099   Thumb Code     8  schedule.o(i.schedule_init)
    schedule_run                             0x080060a5   Thumb Code    56  schedule.o(i.schedule_run)
    uart_proc                                0x080060e1   Thumb Code   278  uart_bsp.o(i.uart_proc)
    _get_lc_numeric                          0x080062a9   Thumb Code    44  lc_numeric_c.o(locale$$code)
    _get_lc_ctype                            0x080062d5   Thumb Code    44  lc_ctype_c.o(locale$$code)
    __fpl_dretinf                            0x08006301   Thumb Code    12  dretinf.o(x$fpl$dretinf)
    __aeabi_f2d                              0x0800630d   Thumb Code     0  f2d.o(x$fpl$f2d)
    _f2d                                     0x0800630d   Thumb Code    86  f2d.o(x$fpl$f2d)
    __fpl_fnaninf                            0x08006363   Thumb Code   140  fnaninf.o(x$fpl$fnaninf)
    _fp_init                                 0x080063ef   Thumb Code    10  fpinit.o(x$fpl$fpinit)
    __fplib_config_fpu_vfp                   0x080063f7   Thumb Code     0  fpinit.o(x$fpl$fpinit)
    __fplib_config_pureend_doubles           0x080063f7   Thumb Code     0  fpinit.o(x$fpl$fpinit)
    _printf_fp_dec                           0x080063f9   Thumb Code     4  printf1.o(x$fpl$printf1)
    _printf_fp_hex                           0x080063fd   Thumb Code     4  printf2.o(x$fpl$printf2)
    __I$use$fp                               0x08006400   Number         0  usenofp.o(x$fpl$usenofp)
    AHBPrescTable                            0x08006408   Data          16  system_stm32f4xx.o(.constdata)
    APBPrescTable                            0x08006418   Data           8  system_stm32f4xx.o(.constdata)
    Region$$Table$$Base                      0x080065a8   Number         0  anon$$obj.o(Region$$Table)
    Region$$Table$$Limit                     0x080065c8   Number         0  anon$$obj.o(Region$$Table)
    __ctype                                  0x080065f1   Data           0  lc_ctype_c.o(locale$$data)
    uwTickFreq                               0x20000000   Data           1  stm32f4xx_hal.o(.data)
    uwTickPrio                               0x20000004   Data           4  stm32f4xx_hal.o(.data)
    uwTick                                   0x20000008   Data           4  stm32f4xx_hal.o(.data)
    SystemCoreClock                          0x2000000c   Data           4  system_stm32f4xx.o(.data)
    task_num                                 0x20000010   Data           1  schedule.o(.data)
    x_angle_limit_flag                       0x2000002c   Data           1  uart_bsp.o(.data)
    y_angle_limit_flag                       0x2000002d   Data           1  uart_bsp.o(.data)
    motor_angle_limit_check_enabled          0x2000002e   Data           1  uart_bsp.o(.data)
    x_reference_initialized                  0x2000002f   Data           1  uart_bsp.o(.data)
    y_reference_initialized                  0x20000030   Data           1  uart_bsp.o(.data)
    x_initial_direction                      0x20000031   Data           1  uart_bsp.o(.data)
    y_initial_direction                      0x20000032   Data           1  uart_bsp.o(.data)
    initial_position_saved                   0x20000033   Data           1  uart_bsp.o(.data)
    x_motor_angle                            0x20000038   Data           4  uart_bsp.o(.data)
    y_motor_angle                            0x2000003c   Data           4  uart_bsp.o(.data)
    x_reference_position                     0x20000040   Data           4  uart_bsp.o(.data)
    y_reference_position                     0x20000044   Data           4  uart_bsp.o(.data)
    x_relative_angle                         0x20000048   Data           4  uart_bsp.o(.data)
    y_relative_angle                         0x2000004c   Data           4  uart_bsp.o(.data)
    x_initial_position                       0x20000050   Data           4  uart_bsp.o(.data)
    y_initial_position                       0x20000054   Data           4  uart_bsp.o(.data)
    latest_red_laser_coord                   0x20000058   Data          16  pi_bsp.o(.data)
    latest_green_laser_coord                 0x20000068   Data          16  pi_bsp.o(.data)
    hi2c1                                    0x20000078   Data          84  i2c.o(.bss)
    hi2c2                                    0x200000cc   Data          84  i2c.o(.bss)
    htim1                                    0x20000120   Data          72  tim.o(.bss)
    htim3                                    0x20000168   Data          72  tim.o(.bss)
    htim4                                    0x200001b0   Data          72  tim.o(.bss)
    motor_x_buf                              0x200001f8   Data          64  usart.o(.bss)
    motor_y_buf                              0x20000238   Data          64  usart.o(.bss)
    pi_rx_buf                                0x20000278   Data          64  usart.o(.bss)
    huart4                                   0x200002b8   Data          72  usart.o(.bss)
    huart5                                   0x20000300   Data          72  usart.o(.bss)
    huart1                                   0x20000348   Data          72  usart.o(.bss)
    huart2                                   0x20000390   Data          72  usart.o(.bss)
    huart3                                   0x200003d8   Data          72  usart.o(.bss)
    huart6                                   0x20000420   Data          72  usart.o(.bss)
    hdma_uart4_rx                            0x20000468   Data          96  usart.o(.bss)
    hdma_usart2_rx                           0x200004c8   Data          96  usart.o(.bss)
    hdma_usart6_rx                           0x20000528   Data          96  usart.o(.bss)
    ringbuffer_x                             0x20000588   Data          12  uart_bsp.o(.bss)
    ringbuffer_y                             0x20000594   Data          12  uart_bsp.o(.bss)
    ringbuffer_pi                            0x200005a0   Data          12  uart_bsp.o(.bss)
    output_buffer_x                          0x200005ac   Data          64  uart_bsp.o(.bss)
    output_buffer_y                          0x200005ec   Data          64  uart_bsp.o(.bss)
    output_buffer_pi                         0x2000062c   Data          64  uart_bsp.o(.bss)
    ringbuffer_pool_x                        0x200006ec   Data          64  uart_bsp.o(.bss)
    ringbuffer_pool_y                        0x2000072c   Data          64  uart_bsp.o(.bss)
    ringbuffer_pool_pi                       0x2000076c   Data          64  uart_bsp.o(.bss)
    pid_x                                    0x200007ac   Data          80  mypid.o(.bss)
    pid_y                                    0x200007fc   Data          80  mypid.o(.bss)
    pid_speed_left                           0x2000084c   Data          80  mypid.o(.bss)
    pid_speed_right                          0x2000089c   Data          80  mypid.o(.bss)
    pid_location_left                        0x200008ec   Data          80  mypid.o(.bss)
    pid_location_right                       0x2000093c   Data          80  mypid.o(.bss)
    __libspace_start                         0x2000098c   Data          96  libspace.o(.bss)
    __temporary_stack_top$libspace           0x200009ec   Data           0  libspace.o(.bss)



==============================================================================

Memory Map of the image

  Image Entry point : 0x08000189

  Load Region LR_IROM1 (Base: 0x08000000, Size: 0x0000676c, Max: 0x00080000, ABSOLUTE)

    Execution Region ER_IROM1 (Exec base: 0x08000000, Load base: 0x08000000, Size: 0x000066f4, Max: 0x00080000, ABSOLUTE)

    Exec Addr    Load Addr    Size         Type   Attr      Idx    E Section Name        Object

    0x08000000   0x08000000   0x00000188   Data   RO            3    RESET               startup_stm32f407xx.o
    0x08000188   0x08000188   0x00000008   Code   RO         4880  * !!!main             c_w.l(__main.o)
    0x08000190   0x08000190   0x00000034   Code   RO         5440    !!!scatter          c_w.l(__scatter.o)
    0x080001c4   0x080001c4   0x0000001a   Code   RO         5442    !!handler_copy      c_w.l(__scatter_copy.o)
    0x080001de   0x080001de   0x00000002   PAD
    0x080001e0   0x080001e0   0x0000001c   Code   RO         5444    !!handler_zi        c_w.l(__scatter_zi.o)
    0x080001fc   0x080001fc   0x00000000   Code   RO         4865    .ARM.Collect$$_printf_percent$$00000000  c_w.l(_printf_percent.o)
    0x080001fc   0x080001fc   0x00000006   Code   RO         4958    .ARM.Collect$$_printf_percent$$00000001  c_w.l(_printf_n.o)
    0x08000202   0x08000202   0x00000006   Code   RO         4960    .ARM.Collect$$_printf_percent$$00000002  c_w.l(_printf_p.o)
    0x08000208   0x08000208   0x00000006   Code   RO         4965    .ARM.Collect$$_printf_percent$$00000003  c_w.l(_printf_f.o)
    0x0800020e   0x0800020e   0x00000006   Code   RO         4966    .ARM.Collect$$_printf_percent$$00000004  c_w.l(_printf_e.o)
    0x08000214   0x08000214   0x00000006   Code   RO         4967    .ARM.Collect$$_printf_percent$$00000005  c_w.l(_printf_g.o)
    0x0800021a   0x0800021a   0x00000006   Code   RO         4968    .ARM.Collect$$_printf_percent$$00000006  c_w.l(_printf_a.o)
    0x08000220   0x08000220   0x0000000a   Code   RO         4973    .ARM.Collect$$_printf_percent$$00000007  c_w.l(_printf_ll.o)
    0x0800022a   0x0800022a   0x00000006   Code   RO         4962    .ARM.Collect$$_printf_percent$$00000008  c_w.l(_printf_i.o)
    0x08000230   0x08000230   0x00000006   Code   RO         4963    .ARM.Collect$$_printf_percent$$00000009  c_w.l(_printf_d.o)
    0x08000236   0x08000236   0x00000006   Code   RO         4964    .ARM.Collect$$_printf_percent$$0000000A  c_w.l(_printf_u.o)
    0x0800023c   0x0800023c   0x00000006   Code   RO         4961    .ARM.Collect$$_printf_percent$$0000000B  c_w.l(_printf_o.o)
    0x08000242   0x08000242   0x00000006   Code   RO         4959    .ARM.Collect$$_printf_percent$$0000000C  c_w.l(_printf_x.o)
    0x08000248   0x08000248   0x00000006   Code   RO         4970    .ARM.Collect$$_printf_percent$$0000000D  c_w.l(_printf_lli.o)
    0x0800024e   0x0800024e   0x00000006   Code   RO         4971    .ARM.Collect$$_printf_percent$$0000000E  c_w.l(_printf_lld.o)
    0x08000254   0x08000254   0x00000006   Code   RO         4972    .ARM.Collect$$_printf_percent$$0000000F  c_w.l(_printf_llu.o)
    0x0800025a   0x0800025a   0x00000006   Code   RO         4977    .ARM.Collect$$_printf_percent$$00000010  c_w.l(_printf_llo.o)
    0x08000260   0x08000260   0x00000006   Code   RO         4978    .ARM.Collect$$_printf_percent$$00000011  c_w.l(_printf_llx.o)
    0x08000266   0x08000266   0x0000000a   Code   RO         4974    .ARM.Collect$$_printf_percent$$00000012  c_w.l(_printf_l.o)
    0x08000270   0x08000270   0x00000006   Code   RO         4864    .ARM.Collect$$_printf_percent$$00000013  c_w.l(_printf_c.o)
    0x08000276   0x08000276   0x00000006   Code   RO         4957    .ARM.Collect$$_printf_percent$$00000014  c_w.l(_printf_s.o)
    0x0800027c   0x0800027c   0x00000006   Code   RO         4975    .ARM.Collect$$_printf_percent$$00000015  c_w.l(_printf_lc.o)
    0x08000282   0x08000282   0x00000006   Code   RO         4976    .ARM.Collect$$_printf_percent$$00000016  c_w.l(_printf_ls.o)
    0x08000288   0x08000288   0x00000004   Code   RO         4969    .ARM.Collect$$_printf_percent$$00000017  c_w.l(_printf_percent_end.o)
    0x0800028c   0x0800028c   0x00000002   Code   RO         5243    .ARM.Collect$$libinit$$00000000  c_w.l(libinit.o)
    0x0800028e   0x0800028e   0x00000004   Code   RO         5244    .ARM.Collect$$libinit$$00000001  c_w.l(libinit2.o)
    0x08000292   0x08000292   0x00000000   Code   RO         5247    .ARM.Collect$$libinit$$00000004  c_w.l(libinit2.o)
    0x08000292   0x08000292   0x00000000   Code   RO         5250    .ARM.Collect$$libinit$$0000000A  c_w.l(libinit2.o)
    0x08000292   0x08000292   0x00000000   Code   RO         5252    .ARM.Collect$$libinit$$0000000C  c_w.l(libinit2.o)
    0x08000292   0x08000292   0x00000000   Code   RO         5254    .ARM.Collect$$libinit$$0000000E  c_w.l(libinit2.o)
    0x08000292   0x08000292   0x00000006   Code   RO         5255    .ARM.Collect$$libinit$$0000000F  c_w.l(libinit2.o)
    0x08000298   0x08000298   0x00000000   Code   RO         5257    .ARM.Collect$$libinit$$00000011  c_w.l(libinit2.o)
    0x08000298   0x08000298   0x0000000c   Code   RO         5258    .ARM.Collect$$libinit$$00000012  c_w.l(libinit2.o)
    0x080002a4   0x080002a4   0x00000000   Code   RO         5259    .ARM.Collect$$libinit$$00000013  c_w.l(libinit2.o)
    0x080002a4   0x080002a4   0x00000000   Code   RO         5261    .ARM.Collect$$libinit$$00000015  c_w.l(libinit2.o)
    0x080002a4   0x080002a4   0x0000000a   Code   RO         5262    .ARM.Collect$$libinit$$00000016  c_w.l(libinit2.o)
    0x080002ae   0x080002ae   0x00000000   Code   RO         5263    .ARM.Collect$$libinit$$00000017  c_w.l(libinit2.o)
    0x080002ae   0x080002ae   0x00000000   Code   RO         5265    .ARM.Collect$$libinit$$00000019  c_w.l(libinit2.o)
    0x080002ae   0x080002ae   0x00000000   Code   RO         5267    .ARM.Collect$$libinit$$0000001B  c_w.l(libinit2.o)
    0x080002ae   0x080002ae   0x00000000   Code   RO         5269    .ARM.Collect$$libinit$$0000001D  c_w.l(libinit2.o)
    0x080002ae   0x080002ae   0x00000000   Code   RO         5271    .ARM.Collect$$libinit$$0000001F  c_w.l(libinit2.o)
    0x080002ae   0x080002ae   0x00000000   Code   RO         5273    .ARM.Collect$$libinit$$00000021  c_w.l(libinit2.o)
    0x080002ae   0x080002ae   0x00000000   Code   RO         5275    .ARM.Collect$$libinit$$00000023  c_w.l(libinit2.o)
    0x080002ae   0x080002ae   0x00000000   Code   RO         5277    .ARM.Collect$$libinit$$00000025  c_w.l(libinit2.o)
    0x080002ae   0x080002ae   0x00000000   Code   RO         5281    .ARM.Collect$$libinit$$0000002C  c_w.l(libinit2.o)
    0x080002ae   0x080002ae   0x00000000   Code   RO         5283    .ARM.Collect$$libinit$$0000002E  c_w.l(libinit2.o)
    0x080002ae   0x080002ae   0x00000000   Code   RO         5285    .ARM.Collect$$libinit$$00000030  c_w.l(libinit2.o)
    0x080002ae   0x080002ae   0x00000000   Code   RO         5287    .ARM.Collect$$libinit$$00000032  c_w.l(libinit2.o)
    0x080002ae   0x080002ae   0x00000002   Code   RO         5288    .ARM.Collect$$libinit$$00000033  c_w.l(libinit2.o)
    0x080002b0   0x080002b0   0x00000002   Code   RO         5433    .ARM.Collect$$libshutdown$$00000000  c_w.l(libshutdown.o)
    0x080002b2   0x080002b2   0x00000000   Code   RO         5290    .ARM.Collect$$libshutdown$$00000002  c_w.l(libshutdown2.o)
    0x080002b2   0x080002b2   0x00000000   Code   RO         5292    .ARM.Collect$$libshutdown$$00000004  c_w.l(libshutdown2.o)
    0x080002b2   0x080002b2   0x00000000   Code   RO         5294    .ARM.Collect$$libshutdown$$00000006  c_w.l(libshutdown2.o)
    0x080002b2   0x080002b2   0x00000000   Code   RO         5297    .ARM.Collect$$libshutdown$$00000009  c_w.l(libshutdown2.o)
    0x080002b2   0x080002b2   0x00000000   Code   RO         5300    .ARM.Collect$$libshutdown$$0000000C  c_w.l(libshutdown2.o)
    0x080002b2   0x080002b2   0x00000000   Code   RO         5302    .ARM.Collect$$libshutdown$$0000000E  c_w.l(libshutdown2.o)
    0x080002b2   0x080002b2   0x00000000   Code   RO         5305    .ARM.Collect$$libshutdown$$00000011  c_w.l(libshutdown2.o)
    0x080002b2   0x080002b2   0x00000002   Code   RO         5306    .ARM.Collect$$libshutdown$$00000012  c_w.l(libshutdown2.o)
    0x080002b4   0x080002b4   0x00000000   Code   RO         4900    .ARM.Collect$$rtentry$$00000000  c_w.l(__rtentry.o)
    0x080002b4   0x080002b4   0x00000000   Code   RO         5040    .ARM.Collect$$rtentry$$00000002  c_w.l(__rtentry2.o)
    0x080002b4   0x080002b4   0x00000006   Code   RO         5052    .ARM.Collect$$rtentry$$00000004  c_w.l(__rtentry4.o)
    0x080002ba   0x080002ba   0x00000000   Code   RO         5042    .ARM.Collect$$rtentry$$00000009  c_w.l(__rtentry2.o)
    0x080002ba   0x080002ba   0x00000004   Code   RO         5043    .ARM.Collect$$rtentry$$0000000A  c_w.l(__rtentry2.o)
    0x080002be   0x080002be   0x00000000   Code   RO         5045    .ARM.Collect$$rtentry$$0000000C  c_w.l(__rtentry2.o)
    0x080002be   0x080002be   0x00000008   Code   RO         5046    .ARM.Collect$$rtentry$$0000000D  c_w.l(__rtentry2.o)
    0x080002c6   0x080002c6   0x00000002   Code   RO         5315    .ARM.Collect$$rtexit$$00000000  c_w.l(rtexit.o)
    0x080002c8   0x080002c8   0x00000000   Code   RO         5374    .ARM.Collect$$rtexit$$00000002  c_w.l(rtexit2.o)
    0x080002c8   0x080002c8   0x00000004   Code   RO         5375    .ARM.Collect$$rtexit$$00000003  c_w.l(rtexit2.o)
    0x080002cc   0x080002cc   0x00000006   Code   RO         5376    .ARM.Collect$$rtexit$$00000004  c_w.l(rtexit2.o)
    0x080002d2   0x080002d2   0x00000002   PAD
    0x080002d4   0x080002d4   0x00000040   Code   RO            4    .text               startup_stm32f407xx.o
    0x08000314   0x08000314   0x000000ee   Code   RO         4832    .text               c_w.l(lludivv7m.o)
    0x08000402   0x08000402   0x00000002   PAD
    0x08000404   0x08000404   0x00000034   Code   RO         4834    .text               c_w.l(vsnprintf.o)
    0x08000438   0x08000438   0x00000052   Code   RO         4842    .text               c_w.l(_printf_str.o)
    0x0800048a   0x0800048a   0x00000002   PAD
    0x0800048c   0x0800048c   0x00000188   Code   RO         4861    .text               c_w.l(__printf_flags_ss_wp.o)
    0x08000614   0x08000614   0x0000003c   Code   RO         4866    .text               c_w.l(__0sscanf.o)
    0x08000650   0x08000650   0x0000014c   Code   RO         4868    .text               c_w.l(_scanf_int.o)
    0x0800079c   0x0800079c   0x00000016   Code   RO         4870    .text               c_w.l(abort.o)
    0x080007b2   0x080007b2   0x00000096   Code   RO         4872    .text               c_w.l(strncmp.o)
    0x08000848   0x08000848   0x0000008a   Code   RO         4874    .text               c_w.l(rt_memcpy_v6.o)
    0x080008d2   0x080008d2   0x0000004e   Code   RO         4876    .text               c_w.l(rt_memclr_w.o)
    0x08000920   0x08000920   0x00000006   Code   RO         4878    .text               c_w.l(heapauxi.o)
    0x08000926   0x08000926   0x00000002   PAD
    0x08000928   0x08000928   0x0000000c   Code   RO         4898    .text               c_w.l(sys_exit.o)
    0x08000934   0x08000934   0x0000004e   Code   RO         4907    .text               c_w.l(_printf_pad.o)
    0x08000982   0x08000982   0x00000024   Code   RO         4909    .text               c_w.l(_printf_truncate.o)
    0x080009a6   0x080009a6   0x00000002   PAD
    0x080009a8   0x080009a8   0x00000078   Code   RO         4911    .text               c_w.l(_printf_dec.o)
    0x08000a20   0x08000a20   0x00000028   Code   RO         4913    .text               c_w.l(_printf_charcount.o)
    0x08000a48   0x08000a48   0x00000030   Code   RO         4915    .text               c_w.l(_printf_char_common.o)
    0x08000a78   0x08000a78   0x0000000a   Code   RO         4917    .text               c_w.l(_sputc.o)
    0x08000a82   0x08000a82   0x00000010   Code   RO         4919    .text               c_w.l(_snputc.o)
    0x08000a92   0x08000a92   0x0000002c   Code   RO         4921    .text               c_w.l(_printf_char.o)
    0x08000abe   0x08000abe   0x00000002   PAD
    0x08000ac0   0x08000ac0   0x000000bc   Code   RO         4925    .text               c_w.l(_printf_wctomb.o)
    0x08000b7c   0x08000b7c   0x0000007c   Code   RO         4928    .text               c_w.l(_printf_longlong_dec.o)
    0x08000bf8   0x08000bf8   0x00000070   Code   RO         4934    .text               c_w.l(_printf_oct_int_ll.o)
    0x08000c68   0x08000c68   0x00000094   Code   RO         4954    .text               c_w.l(_printf_hex_int_ll_ptr.o)
    0x08000cfc   0x08000cfc   0x0000001c   Code   RO         4979    .text               c_w.l(_chval.o)
    0x08000d18   0x08000d18   0x0000002c   Code   RO         4981    .text               c_w.l(scanf_char.o)
    0x08000d44   0x08000d44   0x00000040   Code   RO         4983    .text               c_w.l(_sgetc.o)
    0x08000d84   0x08000d84   0x0000000e   Code   RO         4991    .text               c_w.l(defsig_abrt_outer.o)
    0x08000d92   0x08000d92   0x00000064   Code   RO         4995    .text               c_w.l(rt_memcpy_w.o)
    0x08000df6   0x08000df6   0x00000002   Code   RO         5036    .text               c_w.l(use_no_semi.o)
    0x08000df8   0x08000df8   0x00000000   Code   RO         5038    .text               c_w.l(indicate_semi.o)
    0x08000df8   0x08000df8   0x0000008a   Code   RO         5063    .text               c_w.l(lludiv10.o)
    0x08000e82   0x08000e82   0x00000012   Code   RO         5065    .text               c_w.l(isspace.o)
    0x08000e94   0x08000e94   0x000000b2   Code   RO         5067    .text               c_w.l(_printf_intcommon.o)
    0x08000f46   0x08000f46   0x0000041e   Code   RO         5069    .text               c_w.l(_printf_fp_dec.o)
    0x08001364   0x08001364   0x000002fc   Code   RO         5071    .text               c_w.l(_printf_fp_hex.o)
    0x08001660   0x08001660   0x0000002c   Code   RO         5076    .text               c_w.l(_printf_wchar.o)
    0x0800168c   0x0800168c   0x00000374   Code   RO         5078    .text               c_w.l(_scanf.o)
    0x08001a00   0x08001a00   0x00000040   Code   RO         5094    .text               c_w.l(_wcrtomb.o)
    0x08001a40   0x08001a40   0x0000000a   Code   RO         5096    .text               c_w.l(defsig_exit.o)
    0x08001a4a   0x08001a4a   0x00000002   PAD
    0x08001a4c   0x08001a4c   0x00000030   Code   RO         5098    .text               c_w.l(defsig_abrt_inner.o)
    0x08001a7c   0x08001a7c   0x00000008   Code   RO         5111    .text               c_w.l(libspace.o)
    0x08001a84   0x08001a84   0x0000004a   Code   RO         5116    .text               c_w.l(sys_stackheap_outer.o)
    0x08001ace   0x08001ace   0x00000002   PAD
    0x08001ad0   0x08001ad0   0x00000010   Code   RO         5118    .text               c_w.l(rt_ctype_table.o)
    0x08001ae0   0x08001ae0   0x00000008   Code   RO         5123    .text               c_w.l(rt_locale_intlibspace.o)
    0x08001ae8   0x08001ae8   0x00000080   Code   RO         5181    .text               c_w.l(_printf_fp_infnan.o)
    0x08001b68   0x08001b68   0x000000e4   Code   RO         5183    .text               c_w.l(bigflt0.o)
    0x08001c4c   0x08001c4c   0x00000012   Code   RO         5224    .text               c_w.l(exit.o)
    0x08001c5e   0x08001c5e   0x00000032   Code   RO         5228    .text               c_w.l(defsig_general.o)
    0x08001c90   0x08001c90   0x0000000e   Code   RO         5313    .text               c_w.l(sys_wrch.o)
    0x08001c9e   0x08001c9e   0x00000002   PAD
    0x08001ca0   0x08001ca0   0x00000080   Code   RO         5367    .text               c_w.l(strcmpv7m.o)
    0x08001d20   0x08001d20   0x0000003e   Code   RO         5186    CL$$btod_d2e        c_w.l(btod.o)
    0x08001d5e   0x08001d5e   0x00000046   Code   RO         5188    CL$$btod_d2e_denorm_low  c_w.l(btod.o)
    0x08001da4   0x08001da4   0x00000060   Code   RO         5187    CL$$btod_d2e_norm_op1  c_w.l(btod.o)
    0x08001e04   0x08001e04   0x00000338   Code   RO         5196    CL$$btod_div_common  c_w.l(btod.o)
    0x0800213c   0x0800213c   0x000000dc   Code   RO         5193    CL$$btod_e2e        c_w.l(btod.o)
    0x08002218   0x08002218   0x0000002a   Code   RO         5190    CL$$btod_ediv       c_w.l(btod.o)
    0x08002242   0x08002242   0x0000002a   Code   RO         5189    CL$$btod_emul       c_w.l(btod.o)
    0x0800226c   0x0800226c   0x00000244   Code   RO         5195    CL$$btod_mult_common  c_w.l(btod.o)
    0x080024b0   0x080024b0   0x00000002   Code   RO          511    i.BusFault_Handler  stm32f4xx_it.o
    0x080024b2   0x080024b2   0x00000002   PAD
    0x080024b4   0x080024b4   0x0000000c   Code   RO          512    i.DMA1_Stream2_IRQHandler  stm32f4xx_it.o
    0x080024c0   0x080024c0   0x0000000c   Code   RO          513    i.DMA1_Stream5_IRQHandler  stm32f4xx_it.o
    0x080024cc   0x080024cc   0x0000000c   Code   RO          514    i.DMA2_Stream1_IRQHandler  stm32f4xx_it.o
    0x080024d8   0x080024d8   0x00000028   Code   RO         1573    i.DMA_CalcBaseAndBitshift  stm32f4xx_hal_dma.o
    0x08002500   0x08002500   0x00000054   Code   RO         1574    i.DMA_CheckFifoParam  stm32f4xx_hal_dma.o
    0x08002554   0x08002554   0x00000028   Code   RO         1575    i.DMA_SetConfig     stm32f4xx_hal_dma.o
    0x0800257c   0x0800257c   0x00000002   Code   RO          515    i.DebugMon_Handler  stm32f4xx_it.o
    0x0800257e   0x0800257e   0x00000038   Code   RO         4563    i.Emm_V5_En_Control  emm_v5.o
    0x080025b6   0x080025b6   0x000001ec   Code   RO         4569    i.Emm_V5_Parse_Response  emm_v5.o
    0x080027a2   0x080027a2   0x0000008e   Code   RO         4571    i.Emm_V5_Read_Sys_Params  emm_v5.o
    0x08002830   0x08002830   0x00000030   Code   RO         4573    i.Emm_V5_Reset_CurPos_To_Zero  emm_v5.o
    0x08002860   0x08002860   0x00000034   Code   RO         4574    i.Emm_V5_Stop_Now   emm_v5.o
    0x08002894   0x08002894   0x000000c8   Code   RO         4576    i.Emm_V5_Vel_Control  emm_v5.o
    0x0800295c   0x0800295c   0x00000004   Code   RO           13    i.Error_Handler     main.o
    0x08002960   0x08002960   0x00000092   Code   RO         1576    i.HAL_DMA_Abort     stm32f4xx_hal_dma.o
    0x080029f2   0x080029f2   0x00000024   Code   RO         1577    i.HAL_DMA_Abort_IT  stm32f4xx_hal_dma.o
    0x08002a16   0x08002a16   0x00000002   PAD
    0x08002a18   0x08002a18   0x000001a0   Code   RO         1581    i.HAL_DMA_IRQHandler  stm32f4xx_hal_dma.o
    0x08002bb8   0x08002bb8   0x000000d4   Code   RO         1582    i.HAL_DMA_Init      stm32f4xx_hal_dma.o
    0x08002c8c   0x08002c8c   0x0000006e   Code   RO         1586    i.HAL_DMA_Start_IT  stm32f4xx_hal_dma.o
    0x08002cfa   0x08002cfa   0x00000002   PAD
    0x08002cfc   0x08002cfc   0x000001f0   Code   RO         1469    i.HAL_GPIO_Init     stm32f4xx_hal_gpio.o
    0x08002eec   0x08002eec   0x0000000a   Code   RO         1473    i.HAL_GPIO_WritePin  stm32f4xx_hal_gpio.o
    0x08002ef6   0x08002ef6   0x00000002   PAD
    0x08002ef8   0x08002ef8   0x0000000c   Code   RO         2019    i.HAL_GetTick       stm32f4xx_hal.o
    0x08002f04   0x08002f04   0x00000188   Code   RO          670    i.HAL_I2C_Init      stm32f4xx_hal_i2c.o
    0x0800308c   0x0800308c   0x000000ac   Code   RO          308    i.HAL_I2C_MspInit   i2c.o
    0x08003138   0x08003138   0x00000010   Code   RO         2025    i.HAL_IncTick       stm32f4xx_hal.o
    0x08003148   0x08003148   0x00000034   Code   RO         2026    i.HAL_Init          stm32f4xx_hal.o
    0x0800317c   0x0800317c   0x00000040   Code   RO         2027    i.HAL_InitTick      stm32f4xx_hal.o
    0x080031bc   0x080031bc   0x00000030   Code   RO          635    i.HAL_MspInit       stm32f4xx_hal_msp.o
    0x080031ec   0x080031ec   0x0000001a   Code   RO         1861    i.HAL_NVIC_EnableIRQ  stm32f4xx_hal_cortex.o
    0x08003206   0x08003206   0x00000002   PAD
    0x08003208   0x08003208   0x00000040   Code   RO         1867    i.HAL_NVIC_SetPriority  stm32f4xx_hal_cortex.o
    0x08003248   0x08003248   0x00000024   Code   RO         1868    i.HAL_NVIC_SetPriorityGrouping  stm32f4xx_hal_cortex.o
    0x0800326c   0x0800326c   0x00000134   Code   RO         1115    i.HAL_RCC_ClockConfig  stm32f4xx_hal_rcc.o
    0x080033a0   0x080033a0   0x00000020   Code   RO         1122    i.HAL_RCC_GetPCLK1Freq  stm32f4xx_hal_rcc.o
    0x080033c0   0x080033c0   0x00000020   Code   RO         1123    i.HAL_RCC_GetPCLK2Freq  stm32f4xx_hal_rcc.o
    0x080033e0   0x080033e0   0x00000064   Code   RO         1124    i.HAL_RCC_GetSysClockFreq  stm32f4xx_hal_rcc.o
    0x08003444   0x08003444   0x0000036c   Code   RO         1127    i.HAL_RCC_OscConfig  stm32f4xx_hal_rcc.o
    0x080037b0   0x080037b0   0x00000028   Code   RO         1872    i.HAL_SYSTICK_Config  stm32f4xx_hal_cortex.o
    0x080037d8   0x080037d8   0x00000054   Code   RO         2973    i.HAL_TIMEx_ConfigBreakDeadTime  stm32f4xx_hal_tim_ex.o
    0x0800382c   0x0800382c   0x00000090   Code   RO         2989    i.HAL_TIMEx_MasterConfigSynchronization  stm32f4xx_hal_tim_ex.o
    0x080038bc   0x080038bc   0x0000005a   Code   RO         2266    i.HAL_TIM_Base_Init  stm32f4xx_hal_tim.o
    0x08003916   0x08003916   0x00000002   PAD
    0x08003918   0x08003918   0x00000028   Code   RO          356    i.HAL_TIM_Base_MspInit  tim.o
    0x08003940   0x08003940   0x000000dc   Code   RO         2275    i.HAL_TIM_ConfigClockSource  stm32f4xx_hal_tim.o
    0x08003a1c   0x08003a1c   0x000000a4   Code   RO         2287    i.HAL_TIM_Encoder_Init  stm32f4xx_hal_tim.o
    0x08003ac0   0x08003ac0   0x000000a4   Code   RO          358    i.HAL_TIM_Encoder_MspInit  tim.o
    0x08003b64   0x08003b64   0x00000054   Code   RO          359    i.HAL_TIM_MspPostInit  tim.o
    0x08003bb8   0x08003bb8   0x000000cc   Code   RO         2338    i.HAL_TIM_PWM_ConfigChannel  stm32f4xx_hal_tim.o
    0x08003c84   0x08003c84   0x0000005a   Code   RO         2341    i.HAL_TIM_PWM_Init  stm32f4xx_hal_tim.o
    0x08003cde   0x08003cde   0x00000002   Code   RO         2343    i.HAL_TIM_PWM_MspInit  stm32f4xx_hal_tim.o
    0x08003ce0   0x08003ce0   0x0000004a   Code   RO         3247    i.HAL_UARTEx_ReceiveToIdle_DMA  stm32f4xx_hal_uart.o
    0x08003d2a   0x08003d2a   0x00000002   PAD
    0x08003d2c   0x08003d2c   0x00000080   Code   RO          427    i.HAL_UARTEx_RxEventCallback  usart.o
    0x08003dac   0x08003dac   0x00000002   Code   RO         3263    i.HAL_UART_ErrorCallback  stm32f4xx_hal_uart.o
    0x08003dae   0x08003dae   0x00000002   PAD
    0x08003db0   0x08003db0   0x00000280   Code   RO         3266    i.HAL_UART_IRQHandler  stm32f4xx_hal_uart.o
    0x08004030   0x08004030   0x00000064   Code   RO         3267    i.HAL_UART_Init     stm32f4xx_hal_uart.o
    0x08004094   0x08004094   0x000002d8   Code   RO          429    i.HAL_UART_MspInit  usart.o
    0x0800436c   0x0800436c   0x00000002   Code   RO         3273    i.HAL_UART_RxCpltCallback  stm32f4xx_hal_uart.o
    0x0800436e   0x0800436e   0x00000002   Code   RO         3274    i.HAL_UART_RxHalfCpltCallback  stm32f4xx_hal_uart.o
    0x08004370   0x08004370   0x000000a0   Code   RO         3275    i.HAL_UART_Transmit  stm32f4xx_hal_uart.o
    0x08004410   0x08004410   0x00000002   Code   RO         3278    i.HAL_UART_TxCpltCallback  stm32f4xx_hal_uart.o
    0x08004412   0x08004412   0x00000002   Code   RO          516    i.HardFault_Handler  stm32f4xx_it.o
    0x08004414   0x08004414   0x0000005c   Code   RO          283    i.MX_DMA_Init       dma.o
    0x08004470   0x08004470   0x00000120   Code   RO          259    i.MX_GPIO_Init      gpio.o
    0x08004590   0x08004590   0x00000040   Code   RO          309    i.MX_I2C1_Init      i2c.o
    0x080045d0   0x080045d0   0x00000040   Code   RO          310    i.MX_I2C2_Init      i2c.o
    0x08004610   0x08004610   0x000000d8   Code   RO          360    i.MX_TIM1_Init      tim.o
    0x080046e8   0x080046e8   0x0000006c   Code   RO          361    i.MX_TIM3_Init      tim.o
    0x08004754   0x08004754   0x0000006c   Code   RO          362    i.MX_TIM4_Init      tim.o
    0x080047c0   0x080047c0   0x00000050   Code   RO          430    i.MX_UART4_Init     usart.o
    0x08004810   0x08004810   0x00000038   Code   RO          431    i.MX_UART5_Init     usart.o
    0x08004848   0x08004848   0x00000038   Code   RO          432    i.MX_USART1_UART_Init  usart.o
    0x08004880   0x08004880   0x00000050   Code   RO          433    i.MX_USART2_UART_Init  usart.o
    0x080048d0   0x080048d0   0x00000038   Code   RO          434    i.MX_USART3_UART_Init  usart.o
    0x08004908   0x08004908   0x00000050   Code   RO          435    i.MX_USART6_UART_Init  usart.o
    0x08004958   0x08004958   0x00000002   Code   RO          517    i.MemManage_Handler  stm32f4xx_it.o
    0x0800495a   0x0800495a   0x00000002   Code   RO          518    i.NMI_Handler       stm32f4xx_it.o
    0x0800495c   0x0800495c   0x000000d0   Code   RO         4668    i.PID_INIT          mypid.o
    0x08004a2c   0x08004a2c   0x00000044   Code   RO         4669    i.PID_struct_init   mypid.o
    0x08004a70   0x08004a70   0x00000002   Code   RO          519    i.PendSV_Handler    stm32f4xx_it.o
    0x08004a72   0x08004a72   0x00000002   Code   RO          520    i.SVC_Handler       stm32f4xx_it.o
    0x08004a74   0x08004a74   0x0000002c   Code   RO         4199    i.Step_Motor_Init   step_motor_bsp.o
    0x08004aa0   0x08004aa0   0x000000c4   Code   RO         4202    i.Step_Motor_Set_Speed_my  step_motor_bsp.o
    0x08004b64   0x08004b64   0x00000024   Code   RO         4203    i.Step_Motor_Stop   step_motor_bsp.o
    0x08004b88   0x08004b88   0x00000004   Code   RO          521    i.SysTick_Handler   stm32f4xx_it.o
    0x08004b8c   0x08004b8c   0x00000090   Code   RO           14    i.SystemClock_Config  main.o
    0x08004c1c   0x08004c1c   0x00000010   Code   RO         3601    i.SystemInit        system_stm32f4xx.o
    0x08004c2c   0x08004c2c   0x000000d0   Code   RO         2359    i.TIM_Base_SetConfig  stm32f4xx_hal_tim.o
    0x08004cfc   0x08004cfc   0x00000014   Code   RO         2370    i.TIM_ETR_SetConfig  stm32f4xx_hal_tim.o
    0x08004d10   0x08004d10   0x00000010   Code   RO         2371    i.TIM_ITRx_SetConfig  stm32f4xx_hal_tim.o
    0x08004d20   0x08004d20   0x00000060   Code   RO         2372    i.TIM_OC1_SetConfig  stm32f4xx_hal_tim.o
    0x08004d80   0x08004d80   0x0000006c   Code   RO         2373    i.TIM_OC2_SetConfig  stm32f4xx_hal_tim.o
    0x08004dec   0x08004dec   0x00000068   Code   RO         2374    i.TIM_OC3_SetConfig  stm32f4xx_hal_tim.o
    0x08004e54   0x08004e54   0x00000050   Code   RO         2375    i.TIM_OC4_SetConfig  stm32f4xx_hal_tim.o
    0x08004ea4   0x08004ea4   0x00000022   Code   RO         2377    i.TIM_TI1_ConfigInputStage  stm32f4xx_hal_tim.o
    0x08004ec6   0x08004ec6   0x00000024   Code   RO         2379    i.TIM_TI2_ConfigInputStage  stm32f4xx_hal_tim.o
    0x08004eea   0x08004eea   0x00000002   PAD
    0x08004eec   0x08004eec   0x0000002c   Code   RO          522    i.UART4_IRQHandler  stm32f4xx_it.o
    0x08004f18   0x08004f18   0x0000000e   Code   RO         3280    i.UART_DMAAbortOnError  stm32f4xx_hal_uart.o
    0x08004f26   0x08004f26   0x0000004a   Code   RO         3281    i.UART_DMAError     stm32f4xx_hal_uart.o
    0x08004f70   0x08004f70   0x00000086   Code   RO         3282    i.UART_DMAReceiveCplt  stm32f4xx_hal_uart.o
    0x08004ff6   0x08004ff6   0x0000001e   Code   RO         3284    i.UART_DMARxHalfCplt  stm32f4xx_hal_uart.o
    0x08005014   0x08005014   0x0000004e   Code   RO         3290    i.UART_EndRxTransfer  stm32f4xx_hal_uart.o
    0x08005062   0x08005062   0x0000001c   Code   RO         3291    i.UART_EndTxTransfer  stm32f4xx_hal_uart.o
    0x0800507e   0x0800507e   0x000000c2   Code   RO         3292    i.UART_Receive_IT   stm32f4xx_hal_uart.o
    0x08005140   0x08005140   0x0000010c   Code   RO         3293    i.UART_SetConfig    stm32f4xx_hal_uart.o
    0x0800524c   0x0800524c   0x000000a0   Code   RO         3294    i.UART_Start_Receive_DMA  stm32f4xx_hal_uart.o
    0x080052ec   0x080052ec   0x00000072   Code   RO         3296    i.UART_WaitOnFlagUntilTimeout  stm32f4xx_hal_uart.o
    0x0800535e   0x0800535e   0x00000002   PAD
    0x08005360   0x08005360   0x0000000c   Code   RO          523    i.USART1_IRQHandler  stm32f4xx_it.o
    0x0800536c   0x0800536c   0x0000002c   Code   RO          524    i.USART2_IRQHandler  stm32f4xx_it.o
    0x08005398   0x08005398   0x0000000c   Code   RO          525    i.USART3_IRQHandler  stm32f4xx_it.o
    0x080053a4   0x080053a4   0x0000002c   Code   RO          526    i.USART6_IRQHandler  stm32f4xx_it.o
    0x080053d0   0x080053d0   0x00000002   Code   RO          527    i.UsageFault_Handler  stm32f4xx_it.o
    0x080053d2   0x080053d2   0x00000030   Code   RO         5311    i.__ARM_fpclassify  m_wm.l(fpclassify.o)
    0x08005402   0x08005402   0x00000020   Code   RO         1874    i.__NVIC_SetPriority  stm32f4xx_hal_cortex.o
    0x08005422   0x08005422   0x0000000e   Code   RO         4854    i._is_digit         c_w.l(__printf_wp.o)
    0x08005430   0x08005430   0x0000002a   Code   RO         4670    i.abs_limit         mypid.o
    0x0800545a   0x0800545a   0x00000002   PAD
    0x0800545c   0x0800545c   0x0000002c   Code   RO         4110    i.calc_motor_angle  uart_bsp.o
    0x08005488   0x08005488   0x00000048   Code   RO         4111    i.calc_relative_angle  uart_bsp.o
    0x080054d0   0x080054d0   0x000000a4   Code   RO           15    i.main              main.o
    0x08005574   0x08005574   0x00000034   Code   RO         4113    i.my_printf         uart_bsp.o
    0x080055a8   0x080055a8   0x00000314   Code   RO         4114    i.parse_x_motor_data  uart_bsp.o
    0x080058bc   0x080058bc   0x00000314   Code   RO         4115    i.parse_y_motor_data  uart_bsp.o
    0x08005bd0   0x08005bd0   0x000000e4   Code   RO         4253    i.pi_parse_data     pi_bsp.o
    0x08005cb4   0x08005cb4   0x00000060   Code   RO         4254    i.pi_proc           pi_bsp.o
    0x08005d14   0x08005d14   0x00000194   Code   RO         4672    i.pid_calc          mypid.o
    0x08005ea8   0x08005ea8   0x0000000e   Code   RO         4676    i.pid_param_init    mypid.o
    0x08005eb6   0x08005eb6   0x00000002   PAD
    0x08005eb8   0x08005eb8   0x00000020   Code   RO         4677    i.pid_reset         mypid.o
    0x08005ed8   0x08005ed8   0x00000030   Code   RO         3751    i.rt_ringbuffer_data_len  ringbuffer.o
    0x08005f08   0x08005f08   0x00000074   Code   RO         3752    i.rt_ringbuffer_get  ringbuffer.o
    0x08005f7c   0x08005f7c   0x00000030   Code   RO         3754    i.rt_ringbuffer_init  ringbuffer.o
    0x08005fac   0x08005fac   0x00000078   Code   RO         3756    i.rt_ringbuffer_put  ringbuffer.o
    0x08006024   0x08006024   0x00000020   Code   RO         3761    i.rt_ringbuffer_status  ringbuffer.o
    0x08006044   0x08006044   0x00000054   Code   RO         4118    i.save_initial_position  uart_bsp.o
    0x08006098   0x08006098   0x0000000c   Code   RO         3836    i.schedule_init     schedule.o
    0x080060a4   0x080060a4   0x0000003c   Code   RO         3837    i.schedule_run      schedule.o
    0x080060e0   0x080060e0   0x000001c8   Code   RO         4119    i.uart_proc         uart_bsp.o
    0x080062a8   0x080062a8   0x0000002c   Code   RO         5222    locale$$code        c_w.l(lc_numeric_c.o)
    0x080062d4   0x080062d4   0x0000002c   Code   RO         5355    locale$$code        c_w.l(lc_ctype_c.o)
    0x08006300   0x08006300   0x0000000c   Code   RO         5007    x$fpl$dretinf       fz_wm.l(dretinf.o)
    0x0800630c   0x0800630c   0x00000056   Code   RO         4884    x$fpl$f2d           fz_wm.l(f2d.o)
    0x08006362   0x08006362   0x0000008c   Code   RO         5009    x$fpl$fnaninf       fz_wm.l(fnaninf.o)
    0x080063ee   0x080063ee   0x0000000a   Code   RO         5371    x$fpl$fpinit        fz_wm.l(fpinit.o)
    0x080063f8   0x080063f8   0x00000004   Code   RO         5013    x$fpl$printf1       fz_wm.l(printf1.o)
    0x080063fc   0x080063fc   0x00000004   Code   RO         5015    x$fpl$printf2       fz_wm.l(printf2.o)
    0x08006400   0x08006400   0x00000000   Code   RO         5021    x$fpl$usenofp       fz_wm.l(usenofp.o)
    0x08006400   0x08006400   0x00000008   Data   RO         1588    .constdata          stm32f4xx_hal_dma.o
    0x08006408   0x08006408   0x00000010   Data   RO         3602    .constdata          system_stm32f4xx.o
    0x08006418   0x08006418   0x00000008   Data   RO         3603    .constdata          system_stm32f4xx.o
    0x08006420   0x08006420   0x00000011   Data   RO         4862    .constdata          c_w.l(__printf_flags_ss_wp.o)
    0x08006431   0x08006431   0x00000003   PAD
    0x08006434   0x08006434   0x00000008   Data   RO         4926    .constdata          c_w.l(_printf_wctomb.o)
    0x0800643c   0x0800643c   0x00000028   Data   RO         4955    .constdata          c_w.l(_printf_hex_int_ll_ptr.o)
    0x08006464   0x08006464   0x00000026   Data   RO         5072    .constdata          c_w.l(_printf_fp_hex.o)
    0x0800648a   0x0800648a   0x00000002   PAD
    0x0800648c   0x0800648c   0x00000094   Data   RO         5184    .constdata          c_w.l(bigflt0.o)
    0x08006520   0x08006520   0x00000087   Data   RO         4124    .conststring        uart_bsp.o
    0x080065a7   0x080065a7   0x00000001   PAD
    0x080065a8   0x080065a8   0x00000020   Data   RO         5438    Region$$Table       anon$$obj.o
    0x080065c8   0x080065c8   0x0000001c   Data   RO         5221    locale$$data        c_w.l(lc_numeric_c.o)
    0x080065e4   0x080065e4   0x00000110   Data   RO         5354    locale$$data        c_w.l(lc_ctype_c.o)


    Execution Region RW_IRAM1 (Exec base: 0x20000000, Load base: 0x080066f4, Size: 0x00000ff0, Max: 0x0001c000, ABSOLUTE)

    Exec Addr    Load Addr    Size         Type   Attr      Idx    E Section Name        Object

    0x20000000   0x080066f4   0x0000000c   Data   RW         2033    .data               stm32f4xx_hal.o
    0x2000000c   0x08006700   0x00000004   Data   RW         3604    .data               system_stm32f4xx.o
    0x20000010   0x08006704   0x0000001c   Data   RW         3838    .data               schedule.o
    0x2000002c   0x08006720   0x0000002c   Data   RW         4125    .data               uart_bsp.o
    0x20000058   0x0800674c   0x00000020   Data   RW         4255    .data               pi_bsp.o
    0x20000078        -       0x000000a8   Zero   RW          311    .bss                i2c.o
    0x20000120        -       0x000000d8   Zero   RW          363    .bss                tim.o
    0x200001f8        -       0x00000390   Zero   RW          436    .bss                usart.o
    0x20000588        -       0x00000164   Zero   RW         4120    .bss                uart_bsp.o
    0x200006ec        -       0x00000040   Zero   RW         4121    .bss                uart_bsp.o
    0x2000072c        -       0x00000040   Zero   RW         4122    .bss                uart_bsp.o
    0x2000076c        -       0x00000040   Zero   RW         4123    .bss                uart_bsp.o
    0x200007ac        -       0x000001e0   Zero   RW         4679    .bss                mypid.o
    0x2000098c        -       0x00000060   Zero   RW         5112    .bss                c_w.l(libspace.o)
    0x200009ec   0x0800676c   0x00000004   PAD
    0x200009f0        -       0x00000200   Zero   RW            2    HEAP                startup_stm32f407xx.o
    0x20000bf0        -       0x00000400   Zero   RW            1    STACK               startup_stm32f407xx.o


    Execution Region RW_IRAM2 (Exec base: 0x2001c000, Load base: 0x0800676c, Size: 0x00000000, Max: 0x00004000, ABSOLUTE)

    **** No section assigned to this execution region ****


==============================================================================

Image component sizes


      Code (inc. data)   RO Data    RW Data    ZI Data      Debug   Object Name

        92          4          0          0          0        818   dma.o
       990        138          0          0          0       6170   emm_v5.o
       288         20          0          0          0       1075   gpio.o
       300         46          0          0        168       2342   i2c.o
       312         42          0          0          0     703976   main.o
       768         54          0          0        480       5990   mypid.o
         0          0          0          0          0        628   oled_bsp.o
       324        118          0         32          0       2008   pi_bsp.o
       364          0          0          0          0       6143   ringbuffer.o
        72          8          0         28          0       3083   schedule.o
        64         26        392          0       1536        840   startup_stm32f407xx.o
       276         38          0          0          0       2174   step_motor_bsp.o
       144         24          0         12          0       8737   stm32f4xx_hal.o
       198         14          0          0          0      33815   stm32f4xx_hal_cortex.o
      1084         16          8          0          0       7302   stm32f4xx_hal_dma.o
       506         46          0          0          0       2180   stm32f4xx_hal_gpio.o
       392         16          0          0          0       3215   stm32f4xx_hal_i2c.o
        48          6          0          0          0        850   stm32f4xx_hal_msp.o
      1348         76          0          0          0       5228   stm32f4xx_hal_rcc.o
      1472         80          0          0          0      12383   stm32f4xx_hal_tim.o
       228         28          0          0          0       2180   stm32f4xx_hal_tim_ex.o
      2076         28          0          0          0      14857   stm32f4xx_hal_uart.o
       212         66          0          0          0       7967   stm32f4xx_it.o
        16          4         24          4          0       1115   system_stm32f4xx.o
       720         74          0          0        216       4500   tim.o
      2284       1160        135         44        548       7334   uart_bsp.o
      1264        154          0          0        912       6442   usart.o

    ----------------------------------------------------------------------
     15866       2286        592        120       3860     853352   Object Totals
         0          0         32          0          0          0   (incl. Generated)
        24          0          1          0          0          0   (incl. Padding)

    ----------------------------------------------------------------------

      Code (inc. data)   RO Data    RW Data    ZI Data      Debug   Library Member Name

        60          8          0          0          0         84   __0sscanf.o
         8          0          0          0          0         68   __main.o
       392          4         17          0          0         92   __printf_flags_ss_wp.o
        14          0          0          0          0         68   __printf_wp.o
         0          0          0          0          0          0   __rtentry.o
        12          0          0          0          0          0   __rtentry2.o
         6          0          0          0          0          0   __rtentry4.o
        52          8          0          0          0          0   __scatter.o
        26          0          0          0          0          0   __scatter_copy.o
        28          0          0          0          0          0   __scatter_zi.o
        28          0          0          0          0         68   _chval.o
         6          0          0          0          0          0   _printf_a.o
         6          0          0          0          0          0   _printf_c.o
        44          0          0          0          0        108   _printf_char.o
        48          6          0          0          0         96   _printf_char_common.o
        40          0          0          0          0         68   _printf_charcount.o
         6          0          0          0          0          0   _printf_d.o
       120         16          0          0          0         92   _printf_dec.o
         6          0          0          0          0          0   _printf_e.o
         6          0          0          0          0          0   _printf_f.o
      1054          0          0          0          0        216   _printf_fp_dec.o
       764          8         38          0          0        100   _printf_fp_hex.o
       128         16          0          0          0         84   _printf_fp_infnan.o
         6          0          0          0          0          0   _printf_g.o
       148          4         40          0          0        160   _printf_hex_int_ll_ptr.o
         6          0          0          0          0          0   _printf_i.o
       178          0          0          0          0         88   _printf_intcommon.o
        10          0          0          0          0          0   _printf_l.o
         6          0          0          0          0          0   _printf_lc.o
        10          0          0          0          0          0   _printf_ll.o
         6          0          0          0          0          0   _printf_lld.o
         6          0          0          0          0          0   _printf_lli.o
         6          0          0          0          0          0   _printf_llo.o
         6          0          0          0          0          0   _printf_llu.o
         6          0          0          0          0          0   _printf_llx.o
       124         16          0          0          0         92   _printf_longlong_dec.o
         6          0          0          0          0          0   _printf_ls.o
         6          0          0          0          0          0   _printf_n.o
         6          0          0          0          0          0   _printf_o.o
       112         10          0          0          0        124   _printf_oct_int_ll.o
         6          0          0          0          0          0   _printf_p.o
        78          0          0          0          0        108   _printf_pad.o
         0          0          0          0          0          0   _printf_percent.o
         4          0          0          0          0          0   _printf_percent_end.o
         6          0          0          0          0          0   _printf_s.o
        82          0          0          0          0         80   _printf_str.o
        36          0          0          0          0         84   _printf_truncate.o
         6          0          0          0          0          0   _printf_u.o
        44          0          0          0          0        108   _printf_wchar.o
       188          6          8          0          0         92   _printf_wctomb.o
         6          0          0          0          0          0   _printf_x.o
       884          4          0          0          0        100   _scanf.o
       332          0          0          0          0         96   _scanf_int.o
        64          0          0          0          0         84   _sgetc.o
        16          0          0          0          0         68   _snputc.o
        10          0          0          0          0         68   _sputc.o
        64          0          0          0          0         92   _wcrtomb.o
        22          0          0          0          0         80   abort.o
       228          4        148          0          0         96   bigflt0.o
      1936        128          0          0          0        672   btod.o
        48         34          0          0          0         76   defsig_abrt_inner.o
        14          0          0          0          0         80   defsig_abrt_outer.o
        10          0          0          0          0         68   defsig_exit.o
        50          0          0          0          0         88   defsig_general.o
        18          0          0          0          0         80   exit.o
         6          0          0          0          0        152   heapauxi.o
         0          0          0          0          0          0   indicate_semi.o
        18          0          0          0          0         76   isspace.o
        44         10        272          0          0         76   lc_ctype_c.o
        44         10         28          0          0         76   lc_numeric_c.o
         2          0          0          0          0          0   libinit.o
        34          0          0          0          0          0   libinit2.o
         2          0          0          0          0          0   libshutdown.o
         2          0          0          0          0          0   libshutdown2.o
         8          4          0          0         96         68   libspace.o
       138          0          0          0          0         80   lludiv10.o
       238          0          0          0          0        100   lludivv7m.o
        16          4          0          0          0         76   rt_ctype_table.o
         8          4          0          0          0         68   rt_locale_intlibspace.o
        78          0          0          0          0         80   rt_memclr_w.o
       138          0          0          0          0         68   rt_memcpy_v6.o
       100          0          0          0          0         80   rt_memcpy_w.o
         2          0          0          0          0          0   rtexit.o
        10          0          0          0          0          0   rtexit2.o
        44          8          0          0          0         84   scanf_char.o
       128          0          0          0          0         68   strcmpv7m.o
       150          0          0          0          0         80   strncmp.o
        12          4          0          0          0         68   sys_exit.o
        74          0          0          0          0         80   sys_stackheap_outer.o
        14          0          0          0          0         76   sys_wrch.o
         2          0          0          0          0         68   use_no_semi.o
        52          4          0          0          0         80   vsnprintf.o
        12          0          0          0          0        116   dretinf.o
        86          4          0          0          0        132   f2d.o
       140          4          0          0          0        132   fnaninf.o
        10          0          0          0          0        116   fpinit.o
         4          0          0          0          0        116   printf1.o
         4          0          0          0          0        116   printf2.o
         0          0          0          0          0          0   usenofp.o
        48          0          0          0          0        124   fpclassify.o

    ----------------------------------------------------------------------
      9342        328        556          0        100       6284   Library Totals
        20          0          5          0          4          0   (incl. Padding)

    ----------------------------------------------------------------------

      Code (inc. data)   RO Data    RW Data    ZI Data      Debug   Library Name

      9018        320        551          0         96       5432   c_w.l
       256          8          0          0          0        728   fz_wm.l
        48          0          0          0          0        124   m_wm.l

    ----------------------------------------------------------------------
      9342        328        556          0        100       6284   Library Totals

    ----------------------------------------------------------------------

==============================================================================


      Code (inc. data)   RO Data    RW Data    ZI Data      Debug   

     25208       2614       1148        120       3960     843868   Grand Totals
     25208       2614       1148        120       3960     843868   ELF Image Totals
     25208       2614       1148        120          0          0   ROM Totals

==============================================================================

    Total RO  Size (Code + RO Data)                26356 (  25.74kB)
    Total RW  Size (RW Data + ZI Data)              4080 (   3.98kB)
    Total ROM Size (Code + RO Data + RW Data)      26476 (  25.86kB)

==============================================================================

